This is LuaTeX, Version 1.14.0 (TeX Live 2022/dev/Debian)  (format=luatex 2026.2.3)  26 AUG 2026 19:25
 restricted system commands enabled.
**AS_ABOVE_Trabajo.tex
(./AS_ABOVE_Trabajo.tex
! Undefined control sequence.
l.1 \documentclass
                [12pt,a4paper]{article}
? 
! Undefined control sequence.
l.3 \usepackage
             {fontspec}
? 
! Undefined control sequence.
l.4 \usepackage
             {amsmath}
? 
! Undefined control sequence.
l.5 \usepackage
             [warnings-off={mathtools-colon,mathtools-overbracket}]{unicode-...
? 
! Undefined control sequence.
l.6 \ExplSyntaxOn
               
? 
! Undefined control sequence.
l.7 \msg
      _redirect_name:nnn { lualatex-math } { wrong-meaning } { none }
? 
! Missing $ inserted.
<inserted text> 
$
<to be read again> 
_
l.7 \msg_
       redirect_name:nnn { lualatex-math } { wrong-meaning } { none }
? 
! Undefined control sequence.
l.8 \ExplSyntaxOff
                
? 
! Undefined control sequence.
l.9 \setmathfont
              {Latin Modern Math}
? 
! Undefined control sequence.
l.10 \setmathfont
               [range={"23DC-"23E3}]{Latin Modern Math}
? 
! Undefined control sequence.
l.11 \newfontfamily
                 \hebrewfont{Noto Serif Hebrew}
? 
! Undefined control sequence.
l.11 \newfontfamily\hebrewfont
                            {Noto Serif Hebrew}
? 
! Undefined control sequence.
l.12 \newcommand
              {\heb}[1]{{\hebrewfont #1}}
? 
! Undefined control sequence.
l.12 \newcommand{\heb
                   }[1]{{\hebrewfont #1}}
? 
! Undefined control sequence.
l.12 \newcommand{\heb}[1]{{\hebrewfont
                                     #1}}
? 
! You can't use `macro parameter character #' in math mode.
l.12 \newcommand{\heb}[1]{{\hebrewfont #
                                      1}}
? 
! Undefined control sequence.
l.13 \newfontfamily
                 \igfont[Scale=1.1,UprightFont=*,BoldFont=*,BoldFeatures={Fa...
? 
! Undefined control sequence.
l.13 \newfontfamily\igfont
                        [Scale=1.1,UprightFont=*,BoldFont=*,BoldFeatures={Fa...
? 
! Undefined control sequence.
l.14 \newfontfamily
                 \primfont[Scale=1.1]{Everson Mono}
? 
! Undefined control sequence.
l.14 \newfontfamily\primfont
                          [Scale=1.1]{Everson Mono}
? 
! Undefined control sequence.
l.15 \newcommand
              {\igprimfont}{\primfont}
? 
! Undefined control sequence.
l.15 \newcommand{\igprimfont
                          }{\primfont}
? 
! Undefined control sequence.
l.15 \newcommand{\igprimfont}{\primfont
                                     }
? 
! Undefined control sequence.
l.16 \newcommand
              {\igtext}[1]{{\igfont #1}} % Page layout
? 
! Undefined control sequence.
l.16 \newcommand{\igtext
                      }[1]{{\igfont #1}} % Page layout
? 
! Undefined control sequence.
l.16 \newcommand{\igtext}[1]{{\igfont
                                    #1}} % Page layout
? 
! You can't use `macro parameter character #' in math mode.
l.16 \newcommand{\igtext}[1]{{\igfont #
                                     1}} % Page layout
? 
! Undefined control sequence.
l.17 \usepackage
              [top=1in, bottom=1in, left=1in, right=1in]{geometry} % Typography

? 
! Undefined control sequence.
l.18 \usepackage
              {microtype}
? 
! Undefined control sequence.
l.19 \usepackage
              {parskip} % Language
? 
! Undefined control sequence.
l.20 \usepackage
              [english]{babel} % Headers and footers
? 
! Undefined control sequence.
l.21 \usepackage
              {fancyhdr}
? 
! Undefined control sequence.
l.22 \pagestyle
             {fancy}
? 
! Undefined control sequence.
l.23 \fancyhf
           {}
? 
! Undefined control sequence.
l.24 \fancyhead
             [L]{\leftmark}
? 
! Undefined control sequence.
l.24 \fancyhead[L]{\leftmark
                          }
? 
! Undefined control sequence.
l.25 \fancyhead
             [R]{\thepage}
? 
! Undefined control sequence.
l.25 \fancyhead[R]{\thepage
                         }
? 
! Undefined control sequence.
l.26 \fancyfoot
             [C]{\thepage}
? 
! Undefined control sequence.
l.26 \fancyfoot[C]{\thepage
                         }
? 
! Undefined control sequence.
l.27 \renewcommand
                {\headrulewidth}{0.4pt}
? 
! Undefined control sequence.
l.27 \renewcommand{\headrulewidth
                               }{0.4pt}
? 
! Undefined control sequence.
l.28 \renewcommand
                {\footrulewidth}{0pt} % Section styling
? 
! Undefined control sequence.
l.28 \renewcommand{\footrulewidth
                               }{0pt} % Section styling
? 
! Undefined control sequence.
l.29 \usepackage
              {titlesec}
? 
! Undefined control sequence.
l.30 \titleformat
               {\section}{\Large\bfseries}{\thesection}{1em}{}
? 
! Undefined control sequence.
l.30 \titleformat{\section
                        }{\Large\bfseries}{\thesection}{1em}{}
? 
! Undefined control sequence.
l.30 \titleformat{\section}{\Large
                                \bfseries}{\thesection}{1em}{}
? 
! Undefined control sequence.
l.30 \titleformat{\section}{\Large\bfseries
                                         }{\thesection}{1em}{}
? 
! Undefined control sequence.
l.30 ...ormat{\section}{\Large\bfseries}{\thesection
                                                  }{1em}{}
? 
! Undefined control sequence.
l.31 \titleformat
               {\subsection}{\large\bfseries}{\thesubsection}{1em}{}
? 
! Undefined control sequence.
l.31 \titleformat{\subsection
                           }{\large\bfseries}{\thesubsection}{1em}{}
? 
! Undefined control sequence.
l.31 \titleformat{\subsection}{\large
                                   \bfseries}{\thesubsection}{1em}{}
? 
! Undefined control sequence.
l.31 \titleformat{\subsection}{\large\bfseries
                                            }{\thesubsection}{1em}{}
? 
! Undefined control sequence.
l.31 ...\subsection}{\large\bfseries}{\thesubsection
                                                  }{1em}{}
? 
! Undefined control sequence.
l.32 \titleformat
               {\subsubsection}{\normalsize\bfseries}{\thesubsubsection}{1em}{}

? 
! Undefined control sequence.
l.32 \titleformat{\subsubsection
                              }{\normalsize\bfseries}{\thesubsubsection}{1em}{}

? 
! Undefined control sequence.
l.32 \titleformat{\subsubsection}{\normalsize
                                           \bfseries}{\thesubsubsection}{1em}{}

? 
! Undefined control sequence.
l.32 ...eformat{\subsubsection}{\normalsize\bfseries
                                                  }{\thesubsubsection}{1em}{}
? 
! Undefined control sequence.
l.32 ...ion}{\normalsize\bfseries}{\thesubsubsection
                                                  }{1em}{}
? 
! Undefined control sequence.
l.33 \titlespacing
                *{\section}{0pt}{2.5ex plus 1ex minus .2ex}{1.5ex plus .2ex}
? 
! Undefined control sequence.
l.33 \titlespacing*{\section
                          }{0pt}{2.5ex plus 1ex minus .2ex}{1.5ex plus .2ex}
? 
! Undefined control sequence.
l.34 \titlespacing
                *{\subsection}{0pt}{2ex plus 1ex minus .2ex}{1ex plus .2ex}
? 
! Undefined control sequence.
l.34 \titlespacing*{\subsection
                             }{0pt}{2ex plus 1ex minus .2ex}{1ex plus .2ex}
? 
! Undefined control sequence.
l.35 \titlespacing
                *{\subsubsection}{0pt}{1.5ex plus 1ex minus .2ex}{0.8ex plus...
? 
! Undefined control sequence.
l.35 \titlespacing*{\subsubsection
                                }{0pt}{1.5ex plus 1ex minus .2ex}{0.8ex plus...
? 
! Undefined control sequence.
l.36 \usepackage
              {enumitem}
? 
! Undefined control sequence.
l.37 \setlist
           [itemize]{topsep=0.5ex, itemsep=0.25ex, parsep=0pt}
? 
! Undefined control sequence.
l.38 \setlist
           [enumerate]{topsep=0.5ex, itemsep=0.25ex, parsep=0pt} % Essential...
? 
! Undefined control sequence.
l.39 \usepackage
              {graphicx}
? 
! Undefined control sequence.
l.40 \usepackage
              [table]{xcolor}
? 
! Undefined control sequence.
l.41 \usepackage
              {booktabs}
? 
! Undefined control sequence.
l.42 \usepackage
              {array}
? 
! Undefined control sequence.
l.43 \usepackage
              {tabularx}
? 
! Undefined control sequence.
l.44 \usepackage
              {longtable}
? 
! Undefined control sequence.
l.45 \usepackage
              {amsmath}
? 
! Undefined control sequence.
l.46 \usepackage
              {calc}
? 
! Undefined control sequence.
l.48 \usepackage
              [normalem]{ulem}
? 
! Undefined control sequence.
l.50 \AtBeginDocument
                   {\rowcolors{2}{gray!10}{white}}
? 
! Undefined control sequence.
l.50 \AtBeginDocument{\rowcolors
                              {2}{gray!10}{white}}
? 
! Undefined control sequence.
l.51 \renewcommand
                {\arraystretch}{1.3} % Cross-references
? 
! Undefined control sequence.
l.51 \renewcommand{\arraystretch
                              }{1.3} % Cross-references
? 
! Undefined control sequence.
l.52 \usepackage
              {hyperref}
? 
! Undefined control sequence.
l.53 \usepackage
              {cleveref} % Custom commands
? 
! Undefined control sequence.
l.54 \newcommand
              {\pilcrow}{\S}
? 
! Undefined control sequence.
l.54 \newcommand{\pilcrow
                       }{\S}
? 
! Undefined control sequence.
l.55 \newcommand
              {\UIG}{Universal Imscriptive Grammar}
? 
! Undefined control sequence.
l.55 \newcommand{\UIG
                   }{Universal Imscriptive Grammar}
? 
! Undefined control sequence.
l.56 \newcommand
              {\Stone}{\textit{lapis philosophorum}}
? 
! Undefined control sequence.
l.56 \newcommand{\Stone
                     }{\textit{lapis philosophorum}}
? 
! Undefined control sequence.
l.56 \newcommand{\Stone}{\textit
                              {lapis philosophorum}}
? 
! Undefined control sequence.
l.57 \setlength
             {\headheight}{14.5pt} % Hyperref setup
? 
! Undefined control sequence.
l.57 \setlength{\headheight
                         }{14.5pt} % Hyperref setup
? 
! Undefined control sequence.
l.58 \hypersetup
              { colorlinks=true, linkcolor=blue, filecolor=magenta, urlcolor...
? 
! Undefined control sequence.
l.59 \usepackage
              {listings}
? 
! Undefined control sequence.
l.60 \definecolor
               {codebg}{RGB}{248,248,248}
? 
! Undefined control sequence.
l.61 \definecolor
               {codeframe}{RGB}{200,200,200}
? 
! Undefined control sequence.
l.62 \definecolor
               {codekeyword}{RGB}{0,0,180}
? 
! Undefined control sequence.
l.63 \definecolor
               {codecomment}{RGB}{0,128,0}
? 
! Undefined control sequence.
l.64 \definecolor
               {codestring}{RGB}{163,21,21}
? 
! Undefined control sequence.
l.65 \lstset
          { basicstyle=\ttfamily\small, breaklines=true, breakatwhitespace=f...
? 
! Undefined control sequence.
l.65 \lstset{ basicstyle=\ttfamily
                                \small, breaklines=true, breakatwhitespace=f...
? 
! Undefined control sequence.
l.65 \lstset{ basicstyle=\ttfamily\small
                                      , breaklines=true, breakatwhitespace=f...
? 
! Undefined control sequence.
l.65 ...me=single, framerule=0.5pt, rulecolor=\color
                                                  {codeframe}, backgroundcol...
? 
! Undefined control sequence.
l.65 ...or=\color{codeframe}, backgroundcolor=\color
                                                  {codebg}, keepspaces=true,...
? 
! Undefined control sequence.
l.65 ...spaces=true, numbers=left, numberstyle=\tiny
                                                  \color{gray}, numbersep=8p...
? 
! Undefined control sequence.
l.65 ...=true, numbers=left, numberstyle=\tiny\color
                                                  {gray}, numbersep=8pt, sho...
? 
! Undefined control sequence.
l.65 ...skip=1em, belowskip=1em, keywordstyle=\color
                                                  {codekeyword}\bfseries, co...
? 
! Undefined control sequence.
l.65 ...m, keywordstyle=\color{codekeyword}\bfseries
                                                  , commentstyle=\color{code...
? 
! Undefined control sequence.
l.65 ...r{codekeyword}\bfseries, commentstyle=\color
                                                  {codecomment}\itshape, str...
? 
! Undefined control sequence.
l.65 ...es, commentstyle=\color{codecomment}\itshape
                                                  , stringstyle=\color{codes...
? 
! Undefined control sequence.
l.65 ...lor{codecomment}\itshape, stringstyle=\color
                                                  {codestring}, literate={_}...
? 
! Missing { inserted.
<to be read again> 
}
l.65 ...stringstyle=\color{codestring}, literate={_}
                                                  {{\textunderscore}}1 {-}{{...
? 
! Undefined control sequence.
l.65 ...r{codestring}, literate={_}{{\textunderscore
                                                  }}1 {-}{{\textminus}}1 {<}...
? 
! Undefined control sequence.
l.65 ...rate={_}{{\textunderscore}}1 {-}{{\textminus
                                                  }}1 {<}{{\textless}}1 {>}{...
? 
! Undefined control sequence.
l.65 ...erscore}}1 {-}{{\textminus}}1 {<}{{\textless
                                                  }}1 {>}{{\textgreater}}1 {...
? 
! Undefined control sequence.
l.65 ...minus}}1 {<}{{\textless}}1 {>}{{\textgreater
                                                  }}1 {~}{{\textasciitilde}}...
? 
! Undefined control sequence.
l.65 ...}1 {>}{{\textgreater}}1 {~}{{\textasciitilde
                                                  }}1 {^}{{\textasciicircum}...
? 
! Missing { inserted.
<to be read again> 
}
l.65 ...{\textgreater}}1 {~}{{\textasciitilde}}1 {^}
                                                  {{\textasciicircum}}1 }% Y...
? 
! Undefined control sequence.
l.65 ...~}{{\textasciitilde}}1 {^}{{\textasciicircum
                                                  }}1 }% YAML language defin...
? 
! Undefined control sequence.
l.66 \lstdefinelanguage
                     {YAML}{ keywords={true,false,null,y,n}, keywordstyle=\c...
? 
! Undefined control sequence.
l.66 ...s={true,false,null,y,n}, keywordstyle=\color
                                                  {blue}\bfseries, sensitive...
? 
! Undefined control sequence.
l.66 ...ull,y,n}, keywordstyle=\color{blue}\bfseries
                                                  , sensitive=false, comment...
? 
! Undefined control sequence.
l.66 ...morecomment=[s]{/*}{*/}, commentstyle=\color
                                                  {gray}\ttfamily, stringsty...
? 
! Undefined control sequence.
l.66 ...{/*}{*/}, commentstyle=\color{gray}\ttfamily
                                                  , stringstyle=\color{red}\...
? 
! Undefined control sequence.
l.66 ...le=\color{gray}\ttfamily, stringstyle=\color
                                                  {red}\ttfamily, morestring...
? 
! Undefined control sequence.
l.66 ...}\ttfamily, stringstyle=\color{red}\ttfamily
                                                  , morestring=[b]'', morest...
? 
! Undefined control sequence.
l.68 \lstdefinelanguage
                     {TOML}{ keywords={true,false}, keywordstyle=\color{blue...
? 
! Undefined control sequence.
l.68 ...{ keywords={true,false}, keywordstyle=\color
                                                  {blue}\bfseries, sensitive...
? 
! Undefined control sequence.
l.68 ...e,false}, keywordstyle=\color{blue}\bfseries
                                                  , sensitive=true, comment=...
? 
! Undefined control sequence.
l.68 ...e=true, comment=[l]{\#}, commentstyle=\color
                                                  {gray}\ttfamily, stringsty...
? 
! Undefined control sequence.
l.68 ...=[l]{\#}, commentstyle=\color{gray}\ttfamily
                                                  , stringstyle=\color{red}\...
? 
! Undefined control sequence.
l.68 ...le=\color{gray}\ttfamily, stringstyle=\color
                                                  {red}\ttfamily, morestring...
? 
! Undefined control sequence.
l.68 ...}\ttfamily, stringstyle=\color{red}\ttfamily
                                                  , morestring=[b]'', morest...
? 
! Undefined control sequence.
l.70 \lstdefinelanguage
                     {Dockerfile}{ keywords={FROM,RUN,CMD,LABEL,EXPOSE,ENV,A...
? 
! Undefined control sequence.
l.70 ...NAL,HEALTHCHECK,S HELL}, keywordstyle=\color
                                                  {blue}\bfseries, sensitive...
? 
! Undefined control sequence.
l.70 ...,S HELL}, keywordstyle=\color{blue}\bfseries
                                                  , sensitive=false, comment...
? 
! Undefined control sequence.
l.70 ...=false, comment=[l]{\#}, commentstyle=\color
                                                  {gray}\ttfamily, stringsty...
? 
! Undefined control sequence.
l.70 ...=[l]{\#}, commentstyle=\color{gray}\ttfamily
                                                  , stringstyle=\color{red}\...
? 
! Undefined control sequence.
l.70 ...le=\color{gray}\ttfamily, stringstyle=\color
                                                  {red}\ttfamily, morestring...
? 
! Undefined control sequence.
l.70 ...}\ttfamily, stringstyle=\color{red}\ttfamily
                                                  , morestring=[b]'', morest...
? 
! Undefined control sequence.
l.72 \lstdefinelanguage
                     {JSON}{ keywords={true,false,null}, keywordstyle=\color...
? 
! Undefined control sequence.
l.72 ...words={true,false,null}, keywordstyle=\color
                                                  {blue}\bfseries, sensitive...
? 
! Undefined control sequence.
l.72 ...se,null}, keywordstyle=\color{blue}\bfseries
                                                  , sensitive=true, comments...
? 
! Undefined control sequence.
l.72 ...fseries, sensitive=true, commentstyle=\color
                                                  {gray}\ttfamily, stringsty...
? 
! Undefined control sequence.
l.72 ...ive=true, commentstyle=\color{gray}\ttfamily
                                                  , stringstyle=\color{red}\...
? 
! Undefined control sequence.
l.72 ...le=\color{gray}\ttfamily, stringstyle=\color
                                                  {red}\ttfamily, morestring...
? 
! Undefined control sequence.
l.72 ...}\ttfamily, stringstyle=\color{red}\ttfamily
                                                  , morestring=[b]'', }
? 
! Undefined control sequence.
l.74 \usepackage
              {float}
? 
! Undefined control sequence.
l.75 \newfloat
            {listing}{htbp}{lol}
? 
! Undefined control sequence.
l.76 \floatname
             {listing}{Listing} % Admonition boxes
? 
! Undefined control sequence.
l.77 \usepackage
              {tcolorbox}
? 
! Undefined control sequence.
l.78 \tcbuselibrary
                 {skins,breakable} % Admonition style definitions
? 
! Undefined control sequence.
l.79 \newtcolorbox
                {admonitionbox}[2][]{ enhanced, breakable, colback=#2!5, col...
? 
! You can't use `macro parameter character #' in math mode.
l.79 ...ionbox}[2][]{ enhanced, breakable, colback=#
                                                  2!5, colframe=#2!80!black,...
? 
! You can't use `macro parameter character #' in math mode.
l.79 ...nhanced, breakable, colback=#2!5, colframe=#
                                                  2!80!black, fonttitle=\bfs...
? 
! Undefined control sequence.
l.79 ...5, colframe=#2!80!black, fonttitle=\bfseries
                                                  , title=#1, left=2mm, righ...
? 
! You can't use `macro parameter character #' in math mode.
l.79 ...me=#2!80!black, fonttitle=\bfseries, title=#
                                                  1, left=2mm, right=2mm, } ...
? 
! Undefined control sequence.
l.80 \newtcolorbox
                {imscriptionbox}{ enhanced, colback=blue!5, colframe=blue!75...
? 
! Undefined control sequence.
l.80 ...!5, colframe=blue!75!black, fontupper=\large
                                                  , center upper, boxrule=1p...
? 
! Undefined control sequence.
l.81 \usepackage
              {tikz}
? 
! Undefined control sequence.
l.82 \usetikzlibrary
                  {positioning,arrows,shapes,fit,calc,backgrounds,decoration...
? 
! Undefined control sequence.
l.83 \tikzstyle
             {depnode}=[rectangle,draw,fill=blue!10,rounded corners,thick,in...
? 
! Undefined control sequence.
l.84 \tikzstyle
             {deparrow}=[->,>=stealth,thick]
? 
! Undefined control sequence.
l.85 \tikzstyle
             {stagelabel}=[rectangle,draw,fill=red!10,rounded corners,dashed...
? 
! Missing $ inserted.
<inserted text> 
$
<to be read again> 
\par 
l.86 
   
? 
! Missing } inserted.
<inserted text> 
}
<to be read again> 
$
<to be read again> 
\par 
l.86 
   
? 
! Missing } inserted.
<inserted text> 
}
<to be read again> 
$
<to be read again> 
\par 
l.86 
   
? 

Overfull \hbox (240.52869pt too wide) in paragraph at lines 1--86
\tenrm math $[][]\teni edirect[]ame \tenrm : \teni nnn[][][][]\tenrm [\teni ran
ge \tenrm = []][][][][1]1[\teni Scale \tenrm =|

\hbox(7.5+2.5)x469.75499, glue set - 1.0, direction TLT
.\tenrm m
.\tenrm a
.\tenrm t
.\tenrm h
.\glue(\spaceskip) 3.33333 plus 1.66666 minus 1.11111
.etc.


Overfull \hbox (130.69221pt too wide) in paragraph at lines 1--86
\tenrm 1\teni in; bottom \tenrm = 1\teni in; left \tenrm = 1\teni in; right \te
nrm = 1\teni in\tenrm ][][][][\teni english\tenrm ][][][][][\teni L\tenrm ][][\
teni R\tenrm ][][\teni C\tenrm ][][][][][][][][][][][][][][][][][][][][][] \ten
sy |

\hbox(7.5+2.5)x469.75499, glue set - 1.0, direction TLT
.\tenrm 1
.\teni i
.\teni n
.\teni ;
.\glue(\thinmuskip) 1.66663
.etc.


Overfull \hbox (11086.00452pt too wide) in paragraph at lines 1--86
[][][][] \tensy  [][][][]  [][][][][]\tenrm [\teni itemize\tenrm ][][\teni en
umerate\tenrm ][][][\teni table\tenrm ][][][][][][][][\teni normalem\tenrm ][][
][][][][][][][][][][][][][][][][][][][][][][][][][][][][][][]$ |

\hbox(7.51782+2.5)x469.75499, glue set - 1.0, direction TLT
.\hbox(0.0+0.0)x0.0, direction TLT
.\hbox(6.44444+1.94444)x13.64238, direction TLT
..\tenrm 0
..\teni p
..\teni t
.\hbox(6.94444+1.94444)x103.93384, direction TLT
..\tenrm 2
..\teni :
..\tenrm 5
..\teni e
..\teni x
..etc.
.\hbox(6.94444+1.94444)x59.92259, direction TLT
..\tenrm 1
..\teni :
..\tenrm 5
..\teni e
..\teni x
..etc.
.\glue(\medmuskip) 2.22217 plus 1.11108 minus 2.22217
.etc.

! Undefined control sequence.
l.87 \begin
         {document}
? 
! Undefined control sequence.
l.88 \title
         {As Above: A Pre-Grammatical Convergent Derivation of the Universal...
? 
! Undefined control sequence.
l.89 \author
          {Lando Mills \\ \normalsize Independent Researcher}
? 
! Argument of \\ has an extra }.
<inserted text> 
\par 
<to be read again> 
}
l.89 ...Mills \\ \normalsize Independent Researcher}
                                                  
? 
Runaway argument?
 \normalsize Independent Researcher
! Paragraph ended before \\ was complete.
<to be read again> 
\par 
<to be read again> 
}
l.89 ...Mills \\ \normalsize Independent Researcher}
                                                  
? 
! Undefined control sequence.
l.90 \date
        {\today}
? 
! Undefined control sequence.
l.90 \date{\today
               }
? 
! Undefined control sequence.
l.91 \maketitle
             
? 
! Undefined control sequence.
l.92 \emph
        {v2.1 --- Advanced edition with forced-operation analysis; all eight...
? 
! Undefined control sequence.
l.94 \begin
         {center}
? 
! Undefined control sequence.
l.95 \rule
        {0.5\textwidth}{0.4pt}
? 
! Undefined control sequence.
l.95 \rule{0.5\textwidth
                      }{0.4pt}
? 
[1{/var/lib/texmf/fonts/map/pdftex/updmap/pdftex.map}])</usr/share/texlive/texmf
-dist/fonts/type1/public/amsfonts/cm/cmmi10.pfb></usr/share/texlive/texmf-dist/f
onts/type1/public/amsfonts/cm/cmmi7.pfb></usr/share/texlive/texmf-dist/fonts/typ
e1/public/amsfonts/cm/cmr10.pfb></usr/share/texlive/texmf-dist/fonts/type1/publi
c/amsfonts/cm/cmsy10.pfb></usr/share/texlive/texmf-dist/fonts/type1/public/amsfo
nts/cm/cmsy7.pfb>
Output written on AS_ABOVE_Trabajo.pdf (1 page, 67358 bytes).

PDF statistics: 28 PDF objects out of 1000 (max. 8388607)
 19 compressed objects within 1 object stream
 0 named destinations out of 1000 (max. 131072)
 1 words of extra memory for PDF output out of 10000 (max. 100000000)

