\BOOKMARK [2][-]{subsection.0.1}{\376\377\000I\000.\000\040\000T\000h\000e\000\040\000S\000t\000a\000r\000t\000i\000n\000g\000\040\000O\000b\000j\000e\000c\000t}{}% 1
\BOOKMARK [3][-]{subsubsection.0.1.1}{\376\377\000T\000h\000e\000\040\000A\000b\000s\000t\000r\000a\000c\000t\000\040\000C\000a\000t\000e\000g\000o\000r\000y}{subsection.0.1}% 2
\BOOKMARK [3][-]{subsubsection.0.1.2}{\376\377\000A\000l\000t\000e\000r\000n\000a\000t\000i\000v\000e\000\040\000S\000t\000a\000r\000t\000i\000n\000g\000\040\000P\000o\000i\000n\000t\000s\000\040\000a\000n\000d\000\040\000W\000h\000y\000\040\000C\000a\000t\000e\000g\000o\000r\000y\000\040\000S\000u\000b\000s\000u\000m\000e\000s\000\040\000T\000h\000e\000m}{subsection.0.1}% 3
\BOOKMARK [2][-]{subsection.0.2}{\376\377\000I\000I\000.\000\040\000T\000h\000e\000\040\000T\000h\000r\000e\000e\000\040\000O\000p\000e\000r\000a\000t\000i\000o\000n\000\040\000T\000y\000p\000e\000s}{}% 4
\BOOKMARK [3][-]{subsubsection.0.2.1}{\376\377\000I\000I\000.\0001\000\040\000W\000h\000y\000\040\000T\000h\000r\000e\000e\000,\000\040\000a\000n\000d\000\040\000W\000h\000y\000\040\000T\000h\000e\000s\000e\000\040\000T\000h\000r\000e\000e\000\040\000C\000o\000u\000n\000t\000s}{subsection.0.2}% 5
\BOOKMARK [3][-]{subsubsection.0.2.2}{\376\377\000I\000I\000.\0002\000\040\000W\000h\000y\000\040\000T\000h\000e\000s\000e\000\040\000M\000a\000p\000p\000i\000n\000g\000s\000\040\000f\000r\000o\000m\000\040\000O\000p\000e\000r\000a\000t\000i\000o\000n\000s\000\040\000t\000o\000\040\000P\000r\000i\000m\000i\000t\000i\000v\000e\000s\000\040\000A\000r\000e\000\040\000U\000n\000i\000q\000u\000e}{subsection.0.2}% 6
\BOOKMARK [3][-]{subsubsection.0.2.3}{\376\377\000I\000I\000.\0003\000\040\000T\000h\000e\000\040\000O\000p\000e\000r\000a\000t\000i\000o\000n\000\040\000D\000e\000p\000e\000n\000d\000e\000n\000c\000y\000\040\000D\000A\000G\000\040\000a\000n\000d\000\040\000I\000t\000s\000\040\000F\000o\000r\000c\000e\000d\000\040\000S\000t\000r\000u\000c\000t\000u\000r\000e}{subsection.0.2}% 7
\BOOKMARK [3][-]{subsubsection.0.2.4}{\376\377\000L\000o\000g\000i\000c\000a\000l\000\040\000O\000p\000e\000r\000a\000t\000i\000o\000n\000s}{subsection.0.2}% 8
\BOOKMARK [3][-]{subsubsection.0.2.5}{\376\377\000I\000n\000d\000u\000c\000t\000i\000v\000e\000\040\000O\000p\000e\000r\000a\000t\000i\000o\000n\000s}{subsection.0.2}% 9
\BOOKMARK [3][-]{subsubsection.0.2.6}{\376\377\000A\000l\000g\000e\000b\000r\000a\000i\000c\000\040\000O\000p\000e\000r\000a\000t\000i\000o\000n\000s}{subsection.0.2}% 10
\BOOKMARK [2][-]{subsection.0.3}{\376\377\000I\000I\000I\000.\000\040\000T\000h\000e\000\040\000I\000n\000d\000u\000c\000t\000i\000o\000n\000\040\000P\000a\000t\000h}{}% 11
\BOOKMARK [2][-]{subsection.0.4}{\376\377\000I\000V\000.\000\040\000W\000h\000y\000\040\0001\0002}{}% 12
\BOOKMARK [3][-]{subsubsection.0.4.1}{\376\377\000I\000V\000.\0001\000\040\000T\000h\000e\000\040\000R\000e\000t\000r\000o\000s\000y\000n\000t\000h\000e\000t\000i\000c\000\040\000P\000a\000t\000h\000:\000\040\0001\0002\000\040\000I\000n\000d\000e\000p\000e\000n\000d\000e\000n\000t\000\040\000P\000r\000o\000m\000o\000t\000i\000o\000n\000s}{subsection.0.4}% 13
\BOOKMARK [3][-]{subsubsection.0.4.2}{\376\377\000I\000V\000.\0002\000\040\000T\000h\000e\000\040\000P\000r\000i\000n\000c\000i\000p\000a\000l\000\040\000D\000e\000c\000o\000m\000p\000o\000s\000i\000t\000i\000o\000n\000:\000\040\0001\0002\000\040\000J\000o\000i\000n\000-\000I\000r\000r\000e\000d\000u\000c\000i\000b\000l\000e\000\040\000A\000t\000o\000m\000s}{subsection.0.4}% 14
\BOOKMARK [3][-]{subsubsection.0.4.3}{\376\377\000I\000V\000.\0003\000\040\000W\000h\000y\000\040\000N\000o\000t\000\040\0001\0001\000\040\000o\000r\000\040\0001\0003}{subsection.0.4}% 15
\BOOKMARK [3][-]{subsubsection.0.4.4}{\376\377\000I\000V\000.\0004\000\040\000T\000h\000e\000\040\000C\000r\000y\000s\000t\000a\000l\000\040\000C\000o\000m\000p\000l\000e\000t\000e\000n\000e\000s\000s\000\040\000A\000r\000g\000u\000m\000e\000n\000t}{subsection.0.4}% 16
\BOOKMARK [3][-]{subsubsection.0.4.5}{\376\377\000I\000V\000.\0005\000\040\000T\000h\000e\000\040\000T\000h\000r\000e\000e\000-\000L\000o\000g\000i\000c\000\040\000C\000o\000n\000f\000i\000r\000m\000a\000t\000i\000o\000n\000\040\000o\000f\000\040\000t\000h\000e\000\040\000C\000o\000u\000n\000t}{subsection.0.4}% 17
\BOOKMARK [2][-]{subsection.0.5}{\376\377\000V\000.\000\040\000T\000h\000e\000\040\000C\000r\000i\000t\000i\000c\000a\000l\000\040\000P\000r\000i\000m\000i\000t\000i\000v\000e\000s\000\040\000a\000s\000\040\000C\000o\000m\000p\000o\000s\000i\000t\000i\000o\000n\000a\000l\000\040\000P\000h\000e\000n\000o\000m\000e\000n\000a}{}% 18
\BOOKMARK [2][-]{subsection.0.6}{\376\377\000V\000I\000.\000\040\000C\000o\000n\000n\000e\000c\000t\000i\000o\000n\000\040\000t\000o\000\040\000S\000t\000r\000u\000c\000t\000u\000r\000a\000l\000i\000s\000m}{}% 19
\BOOKMARK [2][-]{subsection.0.7}{\376\377\000V\000I\000I\000.\000\040\000I\000m\000p\000l\000i\000c\000a\000t\000i\000o\000n\000s}{}% 20
\BOOKMARK [3][-]{subsubsection.0.7.1}{\376\377\000V\000I\000I\000.\0001\000\040\040\024\000\040\000T\000h\000e\000\040\000A\000l\000c\000h\000e\000m\000i\000c\000a\000l\000\040\000C\000o\000n\000v\000e\000r\000g\000e\000n\000c\000e\000:\000\040\000P\000r\000e\000-\000M\000o\000d\000e\000r\000n\000\040\000I\000n\000d\000e\000p\000e\000n\000d\000e\000n\000t\000\040\000E\000n\000u\000m\000e\000r\000a\000t\000i\000o\000n\000\040\000o\000f\000\040\000t\000h\000e\000\040\000T\000w\000e\000l\000v\000e}{subsection.0.7}% 21
\BOOKMARK [2][-]{subsection.0.8}{\376\377\000V\000I\000I\000I\000.\000\040\000R\000e\000s\000o\000l\000v\000e\000d\000\040\000O\000p\000e\000n\000\040\000Q\000u\000e\000s\000t\000i\000o\000n\000s}{}% 22
\BOOKMARK [3][-]{subsubsection.0.8.1}{\376\377\000V\000I\000I\000I\000.\0001\000\040\040\024\000\040\000C\000o\000m\000p\000l\000e\000t\000e\000n\000e\000s\000s\000\040\000T\000h\000e\000o\000r\000e\000m}{subsection.0.8}% 23
\BOOKMARK [3][-]{subsubsection.0.8.2}{\376\377\000V\000I\000I\000I\000.\0002\000\040\040\024\000\040\000V\000a\000l\000u\000e\000\040\000C\000o\000u\000n\000t\000\040\000D\000e\000r\000i\000v\000a\000t\000i\000o\000n\000\040\000\050\000T\000h\000r\000e\000e\000-\000L\000o\000g\000i\000c\000\040\000C\000o\000n\000j\000e\000c\000t\000u\000r\000e\000\051}{subsection.0.8}% 24
\BOOKMARK [3][-]{subsubsection.0.8.3}{\376\377\000V\000I\000I\000I\000.\0003\000\040\040\024\000\040\000U\000n\000i\000q\000u\000e\000n\000e\000s\000s\000\040\000o\000f\000\040\000t\000h\000e\000\040\000S\000t\000a\000r\000t\000i\000n\000g\000\040\000O\000b\000j\000e\000c\000t}{subsection.0.8}% 25
\BOOKMARK [3][-]{subsubsection.0.8.4}{\376\377\000V\000I\000I\000I\000.\0004\000\040\040\024\000\040\000T\000h\000e\000\040\000S\000e\000l\000f\000-\000I\000m\000s\000c\000r\000i\000b\000i\000n\000g\000\040\000F\000i\000x\000e\000d\000\040\000P\000o\000i\000n\000t}{subsection.0.8}% 26
