\BOOKMARK [2][-]{subsection.1}{\376\377\000I\000.\000\040\000T\000h\000e\000\040\000S\000t\000a\000r\000t\000i\000n\000g\000\040\000O\000b\000j\000e\000c\000t}{}% 1
\BOOKMARK [3][-]{subsubsection.2}{\376\377\000T\000h\000e\000\040\000A\000b\000s\000t\000r\000a\000c\000t\000\040\000C\000a\000t\000e\000g\000o\000r\000y}{subsection.1}% 2
\BOOKMARK [3][-]{subsubsection.5}{\376\377\000A\000l\000t\000e\000r\000n\000a\000t\000i\000v\000e\000\040\000S\000t\000a\000r\000t\000i\000n\000g\000\040\000P\000o\000i\000n\000t\000s\000\040\000a\000n\000d\000\040\000W\000h\000y\000\040\000C\000a\000t\000e\000g\000o\000r\000y\000\040\000S\000u\000b\000s\000u\000m\000e\000s\000\040\000T\000h\000e\000m}{subsection.1}% 3
\BOOKMARK [2][-]{subsection.6}{\376\377\000I\000I\000.\000\040\000T\000h\000e\000\040\000T\000h\000r\000e\000e\000\040\000O\000p\000e\000r\000a\000t\000i\000o\000n\000\040\000T\000y\000p\000e\000s}{}% 4
\BOOKMARK [3][-]{subsubsection.7}{\376\377\000I\000I\000.\0001\000\040\000W\000h\000y\000\040\000T\000h\000r\000e\000e\000,\000\040\000a\000n\000d\000\040\000W\000h\000y\000\040\000T\000h\000e\000s\000e\000\040\000T\000h\000r\000e\000e\000\040\000C\000o\000u\000n\000t\000s}{subsection.6}% 5
\BOOKMARK [3][-]{subsubsection.11}{\376\377\000I\000I\000.\0002\000\040\000W\000h\000y\000\040\000T\000h\000e\000s\000e\000\040\000M\000a\000p\000p\000i\000n\000g\000s\000\040\000f\000r\000o\000m\000\040\000O\000p\000e\000r\000a\000t\000i\000o\000n\000s\000\040\000t\000o\000\040\000P\000r\000i\000m\000i\000t\000i\000v\000e\000s\000\040\000A\000r\000e\000\040\000U\000n\000i\000q\000u\000e}{subsection.6}% 6
\BOOKMARK [3][-]{subsubsection.27}{\376\377\000I\000I\000.\0003\000\040\000T\000h\000e\000\040\000O\000p\000e\000r\000a\000t\000i\000o\000n\000\040\000D\000e\000p\000e\000n\000d\000e\000n\000c\000y\000\040\000D\000A\000G\000\040\000a\000n\000d\000\040\000I\000t\000s\000\040\000F\000o\000r\000c\000e\000d\000\040\000S\000t\000r\000u\000c\000t\000u\000r\000e}{subsection.6}% 7
\BOOKMARK [3][-]{subsubsection.30}{\376\377\000L\000o\000g\000i\000c\000a\000l\000\040\000O\000p\000e\000r\000a\000t\000i\000o\000n\000s}{subsection.6}% 8
\BOOKMARK [3][-]{subsubsection.31}{\376\377\000I\000n\000d\000u\000c\000t\000i\000v\000e\000\040\000O\000p\000e\000r\000a\000t\000i\000o\000n\000s}{subsection.6}% 9
\BOOKMARK [3][-]{subsubsection.32}{\376\377\000A\000l\000g\000e\000b\000r\000a\000i\000c\000\040\000O\000p\000e\000r\000a\000t\000i\000o\000n\000s}{subsection.6}% 10
\BOOKMARK [2][-]{subsection.33}{\376\377\000I\000I\000I\000.\000\040\000T\000h\000e\000\040\000I\000n\000d\000u\000c\000t\000i\000o\000n\000\040\000P\000a\000t\000h}{}% 11
\BOOKMARK [2][-]{subsection.36}{\376\377\000I\000V\000.\000\040\000W\000h\000y\000\040\0001\0002}{}% 12
\BOOKMARK [3][-]{subsubsection.37}{\376\377\000I\000V\000.\0001\000\040\000T\000h\000e\000\040\000R\000e\000t\000r\000o\000s\000y\000n\000t\000h\000e\000t\000i\000c\000\040\000P\000a\000t\000h\000:\000\040\0001\0002\000\040\000I\000n\000d\000e\000p\000e\000n\000d\000e\000n\000t\000\040\000P\000r\000o\000m\000o\000t\000i\000o\000n\000s}{subsection.36}% 13
\BOOKMARK [3][-]{subsubsection.42}{\376\377\000I\000V\000.\0002\000\040\000T\000h\000e\000\040\000P\000r\000i\000n\000c\000i\000p\000a\000l\000\040\000D\000e\000c\000o\000m\000p\000o\000s\000i\000t\000i\000o\000n\000:\000\040\0001\0002\000\040\000J\000o\000i\000n\000-\000I\000r\000r\000e\000d\000u\000c\000i\000b\000l\000e\000\040\000A\000t\000o\000m\000s}{subsection.36}% 14
\BOOKMARK [3][-]{subsubsection.43}{\376\377\000I\000V\000.\0003\000\040\000W\000h\000y\000\040\000N\000o\000t\000\040\0001\0001\000\040\000o\000r\000\040\0001\0003}{subsection.36}% 15
\BOOKMARK [3][-]{subsubsection.44}{\376\377\000I\000V\000.\0004\000\040\000T\000h\000e\000\040\000C\000r\000y\000s\000t\000a\000l\000\040\000C\000o\000m\000p\000l\000e\000t\000e\000n\000e\000s\000s\000\040\000A\000r\000g\000u\000m\000e\000n\000t}{subsection.36}% 16
\BOOKMARK [3][-]{subsubsection.47}{\376\377\000I\000V\000.\0005\000\040\000T\000h\000e\000\040\000T\000h\000r\000e\000e\000-\000L\000o\000g\000i\000c\000\040\000C\000o\000n\000f\000i\000r\000m\000a\000t\000i\000o\000n\000\040\000o\000f\000\040\000t\000h\000e\000\040\000C\000o\000u\000n\000t}{subsection.36}% 17
\BOOKMARK [2][-]{subsection.48}{\376\377\000V\000.\000\040\000T\000h\000e\000\040\000C\000r\000i\000t\000i\000c\000a\000l\000\040\000P\000r\000i\000m\000i\000t\000i\000v\000e\000s\000\040\000a\000s\000\040\000C\000o\000m\000p\000o\000s\000i\000t\000i\000o\000n\000a\000l\000\040\000P\000h\000e\000n\000o\000m\000e\000n\000a}{}% 18
\BOOKMARK [2][-]{subsection.53}{\376\377\000V\000I\000.\000\040\000C\000o\000n\000n\000e\000c\000t\000i\000o\000n\000\040\000t\000o\000\040\000S\000t\000r\000u\000c\000t\000u\000r\000a\000l\000i\000s\000m}{}% 19
\BOOKMARK [2][-]{subsection.56}{\376\377\000V\000I\000I\000.\000\040\000I\000m\000p\000l\000i\000c\000a\000t\000i\000o\000n\000s}{}% 20
\BOOKMARK [3][-]{subsubsection.57}{\376\377\000V\000I\000I\000.\0001\000\040\040\024\000\040\000T\000h\000e\000\040\000A\000l\000c\000h\000e\000m\000i\000c\000a\000l\000\040\000C\000o\000n\000v\000e\000r\000g\000e\000n\000c\000e\000:\000\040\000P\000r\000e\000-\000M\000o\000d\000e\000r\000n\000\040\000I\000n\000d\000e\000p\000e\000n\000d\000e\000n\000t\000\040\000E\000n\000u\000m\000e\000r\000a\000t\000i\000o\000n\000\040\000o\000f\000\040\000t\000h\000e\000\040\000T\000w\000e\000l\000v\000e}{subsection.56}% 21
\BOOKMARK [2][-]{subsection.58}{\376\377\000V\000I\000I\000I\000.\000\040\000R\000e\000s\000o\000l\000v\000e\000d\000\040\000O\000p\000e\000n\000\040\000Q\000u\000e\000s\000t\000i\000o\000n\000s}{}% 22
\BOOKMARK [3][-]{subsubsection.59}{\376\377\000V\000I\000I\000I\000.\0001\000\040\040\024\000\040\000C\000o\000m\000p\000l\000e\000t\000e\000n\000e\000s\000s\000\040\000T\000h\000e\000o\000r\000e\000m}{subsection.58}% 23
\BOOKMARK [3][-]{subsubsection.63}{\376\377\000V\000I\000I\000I\000.\0002\000\040\040\024\000\040\000V\000a\000l\000u\000e\000\040\000C\000o\000u\000n\000t\000\040\000D\000e\000r\000i\000v\000a\000t\000i\000o\000n\000\040\000\050\000T\000h\000r\000e\000e\000-\000L\000o\000g\000i\000c\000\040\000C\000o\000n\000j\000e\000c\000t\000u\000r\000e\000\051}{subsection.58}% 24
\BOOKMARK [3][-]{subsubsection.67}{\376\377\000V\000I\000I\000I\000.\0003\000\040\040\024\000\040\000U\000n\000i\000q\000u\000e\000n\000e\000s\000s\000\040\000o\000f\000\040\000t\000h\000e\000\040\000S\000t\000a\000r\000t\000i\000n\000g\000\040\000O\000b\000j\000e\000c\000t}{subsection.58}% 25
\BOOKMARK [3][-]{subsubsection.71}{\376\377\000V\000I\000I\000I\000.\0004\000\040\040\024\000\040\000T\000h\000e\000\040\000S\000e\000l\000f\000-\000I\000m\000s\000c\000r\000i\000b\000i\000n\000g\000\040\000F\000i\000x\000e\000d\000\040\000P\000o\000i\000n\000t}{subsection.58}% 26
\BOOKMARK [3][-]{subsubsection.77}{\376\377\000V\000I\000I\000I\000.\0005\000\040\040\024\000\040\000L\000P\000\040\000E\000x\000h\000a\000u\000s\000t\000i\000v\000e\000n\000e\000s\000s\000\040\000f\000o\000r\000\040\000F\0005}{subsection.58}% 27
\BOOKMARK [3][-]{subsubsection.78}{\376\377\000V\000I\000I\000I\000.\0006\000\040\040\024\000\040\000P\000a\000r\000a\000c\000o\000n\000s\000i\000s\000t\000e\000n\000t\000\040\000O\000-\000i\000n\000f\000i\000n\000i\000t\000y}{subsection.58}% 28
\BOOKMARK [3][-]{subsubsection.83}{\376\377\000V\000I\000I\000I\000.\0007\000\040\040\024\000\040\000U\000n\000i\000v\000e\000r\000s\000a\000l\000i\000t\000y\000\040\000C\000o\000n\000j\000e\000c\000t\000u\000r\000e}{subsection.58}% 29
\BOOKMARK [3][-]{subsubsection.88}{\376\377\000V\000I\000I\000I\000.\0008\000\040\040\024\000\040\000C\000o\000m\000p\000l\000e\000t\000e\000n\000e\000s\000s\000\040\000C\000o\000n\000j\000e\000c\000t\000u\000r\000e}{subsection.58}% 30
\BOOKMARK [2][-]{subsection.92}{\376\377\000I\000X\000.\000\040\000P\000r\000i\000e\000s\000t\000\040\000L\000o\000g\000i\000c\000\040\000a\000n\000d\000\040\000t\000h\000e\000\040\000P\000a\000r\000a\000c\000o\000n\000s\000i\000s\000t\000e\000n\000t\000\040\000S\000t\000r\000u\000c\000t\000u\000r\000e\000\040\000o\000f\000\040\000F\0003\000,\000\040\000F\0004\000,\000\040\000F\0005}{}% 31
\BOOKMARK [3][-]{subsubsection.93}{\376\377\000I\000X\000.\0001\000\040\000T\000h\000r\000e\000e\000\040\000L\000o\000g\000i\000c\000s\000,\000\040\000T\000h\000r\000e\000e\000\040\000F\000a\000m\000i\000l\000i\000e\000s}{subsection.92}% 32
\BOOKMARK [3][-]{subsubsection.96}{\376\377\000I\000X\000.\0002\000\040\000T\000h\000e\000\040\000C\000a\000t\000u\000s\000k\000o\000t\000i\000\040\000a\000n\000d\000\040\000F\0004}{subsection.92}% 33
\BOOKMARK [3][-]{subsubsection.97}{\376\377\000I\000X\000.\0003\000\040\000T\000h\000e\000\040\000D\000i\000a\000l\000e\000t\000h\000e\000i\000c\000\040\000C\000o\000m\000p\000l\000e\000t\000i\000o\000n\000\040\000o\000f\000\040\000F\0005}{subsection.92}% 34
\BOOKMARK [3][-]{subsubsection.98}{\376\377\000I\000X\000.\0004\000\040\000T\000h\000e\000\040\000I\000n\000c\000l\000o\000s\000u\000r\000e\000\040\000S\000c\000h\000e\000m\000a\000\040\000a\000n\000d\000\040\000P\000h\000i\000-\000E\000P}{subsection.92}% 35
\BOOKMARK [3][-]{subsubsection.101}{\376\377\000I\000X\000.\0005\000\040\000L\000P\000\040\000a\000n\000d\000\040\000t\000h\000e\000\040\000G\000r\000a\000m\000m\000a\000r\000'\000s\000\040\000S\000e\000l\000f\000-\000A\000p\000p\000l\000i\000c\000a\000t\000i\000o\000n}{subsection.92}% 36
\BOOKMARK [2][-]{subsection.103}{\376\377\000X\000.\000\040\000C\000a\000n\000t\000o\000r\000\040\000O\000v\000e\000r\000f\000l\000o\000w\000\040\000a\000n\000d\000\040\000G\000\366\000d\000e\000l\000\040\000A\000r\000i\000t\000h\000m\000e\000t\000i\000z\000a\000t\000i\000o\000n}{}% 37
\BOOKMARK [3][-]{subsubsection.104}{\376\377\000X\000.\0001\000\040\000C\000a\000n\000t\000o\000r\000'\000s\000\040\000D\000i\000a\000g\000o\000n\000a\000l\000\040\000a\000s\000\040\000S\000e\000t\000-\000T\000h\000e\000o\000r\000e\000t\000i\000c\000\040\000L\0004\000\040\000F\000a\000i\000l\000u\000r\000e}{subsection.103}% 38
\BOOKMARK [3][-]{subsubsection.105}{\376\377\000X\000.\0002\000\040\000G\000\366\000d\000e\000l\000\040\000A\000r\000i\000t\000h\000m\000e\000t\000i\000z\000a\000t\000i\000o\000n\000\040\000a\000s\000\040\000E\000f\000f\000e\000c\000t\000i\000v\000e\000\040\000Y\000o\000n\000e\000d\000a}{subsection.103}% 39
\BOOKMARK [3][-]{subsubsection.106}{\376\377\000X\000.\0003\000\040\000G\000\366\000d\000e\000l\000\040\000I\000n\000c\000o\000m\000p\000l\000e\000t\000e\000n\000e\000s\000s\000\040\000a\000s\000\040\000A\000r\000i\000t\000h\000m\000e\000t\000i\000c\000\040\000I\000n\000c\000l\000o\000s\000u\000r\000e}{subsection.103}% 40
\BOOKMARK [3][-]{subsubsection.107}{\376\377\000X\000.\0004\000\040\000T\000h\000e\000\040\000O\000v\000e\000r\000f\000l\000o\000w\000\040\000H\000i\000e\000r\000a\000r\000c\000h\000y}{subsection.103}% 41
\BOOKMARK [3][-]{subsubsection.110}{\376\377\000X\000.\0005\000\040\000T\000h\000e\000\040\000G\000r\000a\000m\000m\000a\000r\000'\000s\000\040\000O\000w\000n\000\040\000P\000o\000s\000i\000t\000i\000o\000n\000\040\000i\000n\000\040\000t\000h\000e\000\040\000H\000i\000e\000r\000a\000r\000c\000h\000y}{subsection.103}% 42
\BOOKMARK [3][-]{subsubsection.111}{\376\377\000X\000.\0006\000\040\000C\000o\000m\000p\000l\000e\000t\000e\000n\000e\000s\000s\000\040\000a\000n\000d\000\040\000U\000n\000i\000v\000e\000r\000s\000a\000l\000i\000t\000y\000:\000\040\000T\000h\000e\000\040\000G\000r\000a\000m\000m\000a\000r\000\040\000C\000a\000n\000n\000o\000t\000\040\000B\000e\000\040\000E\000s\000c\000a\000p\000e\000d}{subsection.103}% 43
\BOOKMARK [3][-]{subsubsection.112}{\376\377\000X\000.\0007\000\040\000T\000h\000r\000e\000e\000-\000L\000a\000y\000e\000r\000\040\000O\000b\000j\000e\000c\000t\000s\000:\000\040\000T\000h\000e\000\040\000C\000a\000t\000e\000g\000o\000r\000i\000c\000a\000l\000\040\000S\000t\000r\000u\000c\000t\000u\000r\000e\000\040\000o\000f\000\040\000R\000e\000c\000o\000g\000n\000i\000z\000a\000b\000l\000e\000\040\000A\000r\000t\000i\000f\000a\000c\000t\000s}{subsection.103}% 44
\BOOKMARK [2][-]{subsection.113}{\376\377\000X\000I\000.\000\040\000C\000o\000n\000c\000l\000u\000s\000i\000o\000n}{}% 45
\BOOKMARK [2][-]{subsection.117}{\376\377\000X\000I\000.\000b\000\040\000A\000c\000k\000n\000o\000w\000l\000e\000d\000g\000e\000m\000e\000n\000t\000s}{}% 46
\BOOKMARK [2][-]{subsection.118}{\376\377\000X\000I\000I\000.\000\040\000R\000e\000f\000e\000r\000e\000n\000c\000e\000s}{}% 47
