This is XeTeX, Version 3.141592653-2.6-0.999993 (TeX Live 2022/dev/Debian) (preloaded format=xelatex 2026.2.3)  31 AUG 2026 00:27
entering extended mode
 restricted \write18 enabled.
 %&-line parsing enabled.
**SO_BELOW.tex
(./SO_BELOW.tex
LaTeX2e <2021-11-15> patch level 1
L3 programming layer <2022-01-21>
(/usr/share/texlive/texmf-dist/tex/latex/base/article.cls
Document Class: article 2021/10/04 v1.4n Standard LaTeX document class
(/usr/share/texlive/texmf-dist/tex/latex/base/size12.clo
File: size12.clo 2021/10/04 v1.4n Standard LaTeX file (size option)
)
\c@part=\count181
\c@section=\count182
\c@subsection=\count183
\c@subsubsection=\count184
\c@paragraph=\count185
\c@subparagraph=\count186
\c@figure=\count187
\c@table=\count188
\abovecaptionskip=\skip47
\belowcaptionskip=\skip48
\bibindent=\dimen138
)
(/usr/share/texlive/texmf-dist/tex/latex/fontspec/fontspec.sty
(/usr/share/texlive/texmf-dist/tex/latex/l3packages/xparse/xparse.sty
(/usr/share/texlive/texmf-dist/tex/latex/l3kernel/expl3.sty
Package: expl3 2022-01-21 L3 programming layer (loader) 

(/usr/share/texlive/texmf-dist/tex/latex/l3backend/l3backend-xetex.def
File: l3backend-xetex.def 2022-01-12 L3 backend support: XeTeX

(|extractbb --version)
\c__kernel_sys_dvipdfmx_version_int=\count189
\l__color_backend_stack_int=\count190
\g__color_backend_stack_int=\count191
\g__graphics_track_int=\count192
\l__pdf_internal_box=\box50
\g__pdf_backend_object_int=\count193
\g__pdf_backend_annotation_int=\count194
\g__pdf_backend_link_int=\count195
))
Package: xparse 2022-01-12 L3 Experimental document command parser
)
Package: fontspec 2022/01/15 v2.8a Font selection for XeLaTeX and LuaLaTeX

(/usr/share/texlive/texmf-dist/tex/latex/fontspec/fontspec-xetex.sty
Package: fontspec-xetex 2022/01/15 v2.8a Font selection for XeLaTeX and LuaLaTe
X
\l__fontspec_script_int=\count196
\l__fontspec_language_int=\count197
\l__fontspec_strnum_int=\count198
\l__fontspec_tmp_int=\count199
\l__fontspec_tmpa_int=\count266
\l__fontspec_tmpb_int=\count267
\l__fontspec_tmpc_int=\count268
\l__fontspec_em_int=\count269
\l__fontspec_emdef_int=\count270
\l__fontspec_strong_int=\count271
\l__fontspec_strongdef_int=\count272
\l__fontspec_tmpa_dim=\dimen139
\l__fontspec_tmpb_dim=\dimen140
\l__fontspec_tmpc_dim=\dimen141

(/usr/share/texlive/texmf-dist/tex/latex/base/fontenc.sty
Package: fontenc 2021/04/29 v2.0v Standard LaTeX package
)
(/usr/share/texlive/texmf-dist/tex/latex/fontspec/fontspec.cfg)))
(/usr/share/texlive/texmf-dist/tex/latex/amsmath/amsmath.sty
Package: amsmath 2021/10/15 v2.17l AMS math features
\@mathmargin=\skip49

For additional information on amsmath, use the `?' option.
(/usr/share/texlive/texmf-dist/tex/latex/amsmath/amstext.sty
Package: amstext 2021/08/26 v2.01 AMS text

(/usr/share/texlive/texmf-dist/tex/latex/amsmath/amsgen.sty
File: amsgen.sty 1999/11/30 v2.0 generic functions
\@emptytoks=\toks16
\ex@=\dimen142
))
(/usr/share/texlive/texmf-dist/tex/latex/amsmath/amsbsy.sty
Package: amsbsy 1999/11/29 v1.2d Bold Symbols
\pmbraise@=\dimen143
)
(/usr/share/texlive/texmf-dist/tex/latex/amsmath/amsopn.sty
Package: amsopn 2021/08/26 v2.02 operator names
)
\inf@bad=\count273
LaTeX Info: Redefining \frac on input line 234.
\uproot@=\count274
\leftroot@=\count275
LaTeX Info: Redefining \overline on input line 399.
\classnum@=\count276
\DOTSCASE@=\count277
LaTeX Info: Redefining \ldots on input line 496.
LaTeX Info: Redefining \dots on input line 499.
LaTeX Info: Redefining \cdots on input line 620.
\Mathstrutbox@=\box51
\strutbox@=\box52
\big@size=\dimen144
LaTeX Font Info:    Redeclaring font encoding OML on input line 743.
LaTeX Font Info:    Redeclaring font encoding OMS on input line 744.
\macc@depth=\count278
\c@MaxMatrixCols=\count279
\dotsspace@=\muskip16
\c@parentequation=\count280
\dspbrk@lvl=\count281
\tag@help=\toks17
\row@=\count282
\column@=\count283
\maxfields@=\count284
\andhelp@=\toks18
\eqnshift@=\dimen145
\alignsep@=\dimen146
\tagshift@=\dimen147
\tagwidth@=\dimen148
\totwidth@=\dimen149
\lineht@=\dimen150
\@envbody=\toks19
\multlinegap=\skip50
\multlinetaggap=\skip51
\mathdisplay@stack=\toks20
LaTeX Info: Redefining \[ on input line 2938.
LaTeX Info: Redefining \] on input line 2939.
)
(/usr/share/texlive/texmf-dist/tex/latex/unicode-math/unicode-math.sty
Package: unicode-math 2020/01/31 v0.8q Unicode maths in XeLaTeX and LuaLaTeX

(/usr/share/texlive/texmf-dist/tex/latex/unicode-math/unicode-math-xetex.sty
Package: unicode-math-xetex 2020/01/31 v0.8q Unicode maths in XeLaTeX and LuaLa
TeX

(/usr/share/texlive/texmf-dist/tex/latex/l3packages/l3keys2e/l3keys2e.sty
Package: l3keys2e 2022-01-12 LaTeX2e option processing using LaTeX3 keys
)
(/usr/share/texlive/texmf-dist/tex/latex/base/fix-cm.sty
Package: fix-cm 2020/11/24 v1.1t fixes to LaTeX

(/usr/share/texlive/texmf-dist/tex/latex/base/ts1enc.def
File: ts1enc.def 2001/06/05 v3.0e (jk/car/fm) Standard LaTeX file
LaTeX Font Info:    Redeclaring font encoding TS1 on input line 47.
))
\g__um_fam_int=\count285
\g__um_fonts_used_int=\count286
\l__um_primecount_int=\count287
\g__um_primekern_muskip=\muskip17

(/usr/share/texlive/texmf-dist/tex/latex/unicode-math/unicode-math-table.tex)))

Package fontspec Info: Could not resolve font "Latin Modern Math/B" (it
(fontspec)             probably doesn't exist).


Package fontspec Info: Font family 'LatinModernMath(0)' created for font
(fontspec)             'Latin Modern Math' with options
(fontspec)             [BoldItalicFont={},ItalicFont={},SmallCapsFont={},Script
=Math].
(fontspec)              
(fontspec)              This font family consists of the following NFSS
(fontspec)             series/shapes:
(fontspec)              
(fontspec)             - 'normal' (m/n) with NFSS spec.: <->"Latin Modern
(fontspec)             Math/OT:script=math;language=dflt;"
(fontspec)             - 'small caps'  (m/sc) with NFSS spec.: 


Package fontspec Info: Could not resolve font "Latin Modern Math/B" (it
(fontspec)             probably doesn't exist).


Package fontspec Info: Font family 'LatinModernMath(1)' created for font
(fontspec)             'Latin Modern Math' with options
(fontspec)             [BoldItalicFont={},ItalicFont={},SmallCapsFont={},Script
=Math,SizeFeatures={{Size=10.2-},{Size=7.2-10.2,Font=Latin
(fontspec)             Modern Math,Style=MathScript},{Size=-7.2,Font=Latin
(fontspec)             Modern Math,Style=MathScriptScript}}].
(fontspec)              
(fontspec)              This font family consists of the following NFSS
(fontspec)             series/shapes:
(fontspec)              
(fontspec)             - 'normal' (m/n) with NFSS spec.: <10.2->"Latin Modern
(fontspec)             Math/OT:script=math;language=dflt;"<7.2-10.2>"Latin
(fontspec)             Modern
(fontspec)             Math/OT:script=math;language=dflt;+ssty=0;"<-7.2>"Latin
(fontspec)             Modern Math/OT:script=math;language=dflt;+ssty=1;"
(fontspec)             - 'small caps'  (m/sc) with NFSS spec.: 

LaTeX Font Info:    Encoding `OT1' has changed to `TU' for symbol font
(Font)              `operators' in the math version `normal' on input line 16.
LaTeX Font Info:    Overwriting symbol font `operators' in version `normal'
(Font)                  OT1/cmr/m/n --> TU/LatinModernMath(1)/m/n on input line
 16.
LaTeX Font Info:    Encoding `OT1' has changed to `TU' for symbol font
(Font)              `operators' in the math version `bold' on input line 16.
LaTeX Font Info:    Overwriting symbol font `operators' in version `bold'
(Font)                  OT1/cmr/bx/n --> TU/LatinModernMath(1)/b/n on input lin
e 16.

Package fontspec Info: Latin Modern Math scale = 1.0001.


Package fontspec Info: Could not resolve font "Latin Modern Math/B" (it
(fontspec)             probably doesn't exist).


Package fontspec Info: Latin Modern Math scale = 1.0001.


Package fontspec Info: Latin Modern Math scale = 1.0001.


Package fontspec Info: Latin Modern Math scale = 1.0001.


Package fontspec Info: Font family 'LatinModernMath(2)' created for font
(fontspec)             'Latin Modern Math' with options
(fontspec)             [BoldItalicFont={},ItalicFont={},SmallCapsFont={},Script
=Math,SizeFeatures={{Size=10.2-},{Size=7.2-10.2,Font=Latin
(fontspec)             Modern Math,Style=MathScript},{Size=-7.2,Font=Latin
(fontspec)             Modern
(fontspec)             Math,Style=MathScriptScript}},ScaleAgain=1.0001,FontAdju
stment={\fontdimen
(fontspec)             8\font =8.124pt\relax \fontdimen 9\font =4.728pt\relax
(fontspec)             \fontdimen 10\font =5.328pt\relax \fontdimen 11\font
(fontspec)             =8.232pt\relax \fontdimen 12\font =4.14pt\relax
(fontspec)             \fontdimen 13\font =4.356pt\relax \fontdimen 14\font
(fontspec)             =4.356pt\relax \fontdimen 15\font =3.468pt\relax
(fontspec)             \fontdimen 16\font =2.964pt\relax \fontdimen 17\font
(fontspec)             =2.964pt\relax \fontdimen 18\font =3.0pt\relax
(fontspec)             \fontdimen 19\font =2.4pt\relax \fontdimen 22\font
(fontspec)             =3.0pt\relax \fontdimen 20\font =0pt\relax \fontdimen
(fontspec)             21\font =0pt\relax }].
(fontspec)              
(fontspec)              This font family consists of the following NFSS
(fontspec)             series/shapes:
(fontspec)              
(fontspec)             - 'normal' (m/n) with NFSS spec.:
(fontspec)             <10.2->s*[1.0001]"Latin Modern
(fontspec)             Math/OT:script=math;language=dflt;"<7.2-10.2>s*[1.0001]"
Latin
(fontspec)             Modern
(fontspec)             Math/OT:script=math;language=dflt;+ssty=0;"<-7.2>s*[1.00
01]"Latin
(fontspec)             Modern Math/OT:script=math;language=dflt;+ssty=1;"
(fontspec)             - 'small caps'  (m/sc) with NFSS spec.: 
(fontspec)             and font adjustment code:
(fontspec)             \fontdimen 8\font =8.124pt\relax \fontdimen 9\font
(fontspec)             =4.728pt\relax \fontdimen 10\font =5.328pt\relax
(fontspec)             \fontdimen 11\font =8.232pt\relax \fontdimen 12\font
(fontspec)             =4.14pt\relax \fontdimen 13\font =4.356pt\relax
(fontspec)             \fontdimen 14\font =4.356pt\relax \fontdimen 15\font
(fontspec)             =3.468pt\relax \fontdimen 16\font =2.964pt\relax
(fontspec)             \fontdimen 17\font =2.964pt\relax \fontdimen 18\font
(fontspec)             =3.0pt\relax \fontdimen 19\font =2.4pt\relax \fontdimen
(fontspec)             22\font =3.0pt\relax \fontdimen 20\font =0pt\relax
(fontspec)             \fontdimen 21\font =0pt\relax 

LaTeX Font Info:    Encoding `OMS' has changed to `TU' for symbol font
(Font)              `symbols' in the math version `normal' on input line 16.
LaTeX Font Info:    Overwriting symbol font `symbols' in version `normal'
(Font)                  OMS/cmsy/m/n --> TU/LatinModernMath(2)/m/n on input lin
e 16.
LaTeX Font Info:    Encoding `OMS' has changed to `TU' for symbol font
(Font)              `symbols' in the math version `bold' on input line 16.
LaTeX Font Info:    Overwriting symbol font `symbols' in version `bold'
(Font)                  OMS/cmsy/b/n --> TU/LatinModernMath(2)/b/n on input lin
e 16.

Package fontspec Info: Latin Modern Math scale = 0.9999.


Package fontspec Info: Could not resolve font "Latin Modern Math/B" (it
(fontspec)             probably doesn't exist).


Package fontspec Info: Latin Modern Math scale = 0.9999.


Package fontspec Info: Latin Modern Math scale = 0.9999.


Package fontspec Info: Latin Modern Math scale = 0.9999.


Package fontspec Info: Font family 'LatinModernMath(3)' created for font
(fontspec)             'Latin Modern Math' with options
(fontspec)             [BoldItalicFont={},ItalicFont={},SmallCapsFont={},Script
=Math,SizeFeatures={{Size=10.2-},{Size=7.2-10.2,Font=Latin
(fontspec)             Modern Math,Style=MathScript},{Size=-7.2,Font=Latin
(fontspec)             Modern
(fontspec)             Math,Style=MathScriptScript}},ScaleAgain=0.9999,FontAdju
stment={\fontdimen
(fontspec)             8\font =0.48pt\relax \fontdimen 9\font =2.4pt\relax
(fontspec)             \fontdimen 10\font =2.004pt\relax \fontdimen 11\font
(fontspec)             =1.332pt\relax \fontdimen 12\font =7.2pt\relax
(fontspec)             \fontdimen 13\font =0pt\relax }].
(fontspec)              
(fontspec)              This font family consists of the following NFSS
(fontspec)             series/shapes:
(fontspec)              
(fontspec)             - 'normal' (m/n) with NFSS spec.:
(fontspec)             <10.2->s*[0.9999]"Latin Modern
(fontspec)             Math/OT:script=math;language=dflt;"<7.2-10.2>s*[0.9999]"
Latin
(fontspec)             Modern
(fontspec)             Math/OT:script=math;language=dflt;+ssty=0;"<-7.2>s*[0.99
99]"Latin
(fontspec)             Modern Math/OT:script=math;language=dflt;+ssty=1;"
(fontspec)             - 'small caps'  (m/sc) with NFSS spec.: 
(fontspec)             and font adjustment code:
(fontspec)             \fontdimen 8\font =0.48pt\relax \fontdimen 9\font
(fontspec)             =2.4pt\relax \fontdimen 10\font =2.004pt\relax
(fontspec)             \fontdimen 11\font =1.332pt\relax \fontdimen 12\font
(fontspec)             =7.2pt\relax \fontdimen 13\font =0pt\relax 

LaTeX Font Info:    Encoding `OMX' has changed to `TU' for symbol font
(Font)              `largesymbols' in the math version `normal' on input line 1
6.
LaTeX Font Info:    Overwriting symbol font `largesymbols' in version `normal'
(Font)                  OMX/cmex/m/n --> TU/LatinModernMath(3)/m/n on input lin
e 16.
LaTeX Font Info:    Encoding `OMX' has changed to `TU' for symbol font
(Font)              `largesymbols' in the math version `bold' on input line 16.

LaTeX Font Info:    Overwriting symbol font `largesymbols' in version `bold'
(Font)                  OMX/cmex/m/n --> TU/LatinModernMath(3)/b/n on input lin
e 16.

Package fontspec Info: Could not resolve font "Noto Serif Hebrew/I" (it
(fontspec)             probably doesn't exist).


Package fontspec Info: Font family 'NotoSerifHebrew(0)' created for font 'Noto
(fontspec)             Serif Hebrew' with options [].
(fontspec)              
(fontspec)              This font family consists of the following NFSS
(fontspec)             series/shapes:
(fontspec)              
(fontspec)             - 'normal' (m/n) with NFSS spec.: <->"Noto Serif
(fontspec)             Hebrew/OT:script=DFLT;language=dflt;"
(fontspec)             - 'small caps'  (m/sc) with NFSS spec.: 
(fontspec)             - 'bold' (b/n) with NFSS spec.: <->"Noto Serif
(fontspec)             Hebrew/B/OT:script=DFLT;language=dflt;"
(fontspec)             - 'bold small caps'  (b/sc) with NFSS spec.: 
(fontspec)             - 'bold italic' (b/it) with NFSS spec.: <->"Noto Serif
(fontspec)             Hebrew/BI/OT:script=DFLT;language=dflt;"
(fontspec)             - 'bold italic small caps'  (b/scit) with NFSS spec.: 


Package fontspec Info: Font family 'Trabajo.otf(0)' created for font
(fontspec)             'Trabajo.otf' with options
(fontspec)             [Scale=1.1,UprightFont=*,BoldFont=*,BoldFeatures={FakeBo
ld=1.5},ItalicFont=*,ItalicFeatures={FakeSlant=0.2},Path=/home/mrnob0dy666/imsg
ct/].
(fontspec)              
(fontspec)              This font family consists of the following NFSS
(fontspec)             series/shapes:
(fontspec)              
(fontspec)             - 'normal' (m/n) with NFSS spec.:
(fontspec)             <->s*[1.1]"[/home/mrnob0dy666/imsgct/Trabajo.otf]/OT:scr
ipt=latn;language=dflt;"
(fontspec)             - 'small caps'  (m/sc) with NFSS spec.: 
(fontspec)             - 'bold' (b/n) with NFSS spec.:
(fontspec)             <->s*[1.1]"[/home/mrnob0dy666/imsgct/Trabajo.otf]/OT:scr
ipt=latn;language=dflt;embolden=1.5;"
(fontspec)             - 'bold small caps'  (b/sc) with NFSS spec.: 
(fontspec)             - 'italic' (m/it) with NFSS spec.:
(fontspec)             <->s*[1.1]"[/home/mrnob0dy666/imsgct/Trabajo.otf]/OT:scr
ipt=latn;language=dflt;slant=0.2;"
(fontspec)             - 'italic small caps'  (m/scit) with NFSS spec.: 


Package fontspec Info: Font family 'EversonMono(0)' created for font 'Everson
(fontspec)             Mono' with options [Scale=1.1].
(fontspec)              
(fontspec)              This font family consists of the following NFSS
(fontspec)             series/shapes:
(fontspec)              
(fontspec)             - 'normal' (m/n) with NFSS spec.: <->s*[1.1]"Everson
(fontspec)             Mono/OT:script=latn;language=dflt;"
(fontspec)             - 'small caps'  (m/sc) with NFSS spec.: 
(fontspec)             - 'bold' (b/n) with NFSS spec.: <->s*[1.1]"Everson
(fontspec)             Mono/B/OT:script=latn;language=dflt;"
(fontspec)             - 'bold small caps'  (b/sc) with NFSS spec.: 
(fontspec)             - 'italic' (m/it) with NFSS spec.: <->s*[1.1]"Everson
(fontspec)             Mono/I/OT:script=latn;language=dflt;"
(fontspec)             - 'italic small caps'  (m/scit) with NFSS spec.: 
(fontspec)             - 'bold italic' (b/it) with NFSS spec.:
(fontspec)             <->s*[1.1]"Everson
(fontspec)             Mono/BI/OT:script=latn;language=dflt;"
(fontspec)             - 'bold italic small caps'  (b/scit) with NFSS spec.: 

(/usr/share/texlive/texmf-dist/tex/latex/geometry/geometry.sty
Package: geometry 2020/01/02 v5.9 Page Geometry

(/usr/share/texlive/texmf-dist/tex/latex/graphics/keyval.sty
Package: keyval 2014/10/28 v1.15 key=value parser (DPC)
\KV@toks@=\toks21
)
(/usr/share/texlive/texmf-dist/tex/generic/iftex/ifvtex.sty
Package: ifvtex 2019/10/25 v1.7 ifvtex legacy package. Use iftex instead.

(/usr/share/texlive/texmf-dist/tex/generic/iftex/iftex.sty
Package: iftex 2020/03/06 v1.0d TeX engine tests
))
\Gm@cnth=\count288
\Gm@cntv=\count289
\c@Gm@tempcnt=\count290
\Gm@bindingoffset=\dimen151
\Gm@wd@mp=\dimen152
\Gm@odd@mp=\dimen153
\Gm@even@mp=\dimen154
\Gm@layoutwidth=\dimen155
\Gm@layoutheight=\dimen156
\Gm@layouthoffset=\dimen157
\Gm@layoutvoffset=\dimen158
\Gm@dimlist=\toks22
)
(/usr/share/texlive/texmf-dist/tex/latex/microtype/microtype.sty
Package: microtype 2021/12/10 v3.0b Micro-typographical refinements (RS)

(/usr/share/texlive/texmf-dist/tex/latex/etoolbox/etoolbox.sty
Package: etoolbox 2020/10/05 v2.5k e-TeX tools for LaTeX (JAW)
\etb@tempcnta=\count291
)
\MT@toks=\toks23
\MT@count=\count292
\MT@tempbox=\box53
LaTeX Info: Redefining \leftprotrusion on input line 1010.
LaTeX Info: Redefining \rightprotrusion on input line 1018.
LaTeX Info: Redefining \textls on input line 1173.
\MT@outer@kern=\dimen159
LaTeX Info: Redefining \textmicrotypecontext on input line 1759.
\MT@listname@count=\count293

(/usr/share/texlive/texmf-dist/tex/latex/microtype/microtype-xetex.def
File: microtype-xetex.def 2021/12/10 v3.0b Definitions specific to xetex (RS)
LaTeX Info: Redefining \lsstyle on input line 234.
)
Package microtype Info: Loading configuration file microtype.cfg.

(/usr/share/texlive/texmf-dist/tex/latex/microtype/microtype.cfg
File: microtype.cfg 2021/12/10 v3.0b microtype main configuration file (RS)
))
(/usr/share/texlive/texmf-dist/tex/latex/parskip/parskip.sty
Package: parskip 2021-03-14 v2.0h non-zero parskip adjustments

(/usr/share/texlive/texmf-dist/tex/latex/kvoptions/kvoptions.sty
Package: kvoptions 2020-10-07 v3.14 Key value format for package options (HO)

(/usr/share/texlive/texmf-dist/tex/generic/ltxcmds/ltxcmds.sty
Package: ltxcmds 2020-05-10 v1.25 LaTeX kernel commands for general use (HO)
)
(/usr/share/texlive/texmf-dist/tex/generic/kvsetkeys/kvsetkeys.sty
Package: kvsetkeys 2019/12/15 v1.18 Key value parser (HO)
)))
(/usr/share/texlive/texmf-dist/tex/generic/babel/babel.sty
Package: babel 2022/01/26 3.70 The Babel package
\babel@savecnt=\count294
\U@D=\dimen160
\l@unhyphenated=\language87

(/usr/share/texlive/texmf-dist/tex/generic/babel/xebabel.def
(/usr/share/texlive/texmf-dist/tex/generic/babel/txtbabel.def))
\bbl@readstream=\read2
\bbl@dirlevel=\count295

(/usr/share/texlive/texmf-dist/tex/generic/babel-english/english.ldf
Language: english 2017/06/06 v3.3r English support from the babel system
Package babel Info: Hyphen rules for 'canadian' set to \l@english
(babel)             (\language0). Reported on input line 102.
Package babel Info: Hyphen rules for 'australian' set to \l@ukenglish
(babel)             (\language81). Reported on input line 105.
Package babel Info: Hyphen rules for 'newzealand' set to \l@ukenglish
(babel)             (\language81). Reported on input line 108.
))
(/usr/share/texlive/texmf-dist/tex/latex/fancyhdr/fancyhdr.sty
Package: fancyhdr 2021/01/28 v4.0.1 Extensive control of page headers and foote
rs
\f@nch@headwidth=\skip52
\f@nch@O@elh=\skip53
\f@nch@O@erh=\skip54
\f@nch@O@olh=\skip55
\f@nch@O@orh=\skip56
\f@nch@O@elf=\skip57
\f@nch@O@erf=\skip58
\f@nch@O@olf=\skip59
\f@nch@O@orf=\skip60
)
(/usr/share/texlive/texmf-dist/tex/latex/titlesec/titlesec.sty
Package: titlesec 2021/07/05 v2.14 Sectioning titles
\ttl@box=\box54
\beforetitleunit=\skip61
\aftertitleunit=\skip62
\ttl@plus=\dimen161
\ttl@minus=\dimen162
\ttl@toksa=\toks24
\titlewidth=\dimen163
\titlewidthlast=\dimen164
\titlewidthfirst=\dimen165
)
(/usr/share/texlive/texmf-dist/tex/latex/enumitem/enumitem.sty
Package: enumitem 2019/06/20 v3.9 Customized lists
\labelindent=\skip63
\enit@outerparindent=\dimen166
\enit@toks=\toks25
\enit@inbox=\box55
\enit@count@id=\count296
\enitdp@description=\count297
)
(/usr/share/texlive/texmf-dist/tex/latex/graphics/graphicx.sty
Package: graphicx 2021/09/16 v1.2d Enhanced LaTeX Graphics (DPC,SPQR)

(/usr/share/texlive/texmf-dist/tex/latex/graphics/graphics.sty
Package: graphics 2021/03/04 v1.4d Standard LaTeX Graphics (DPC,SPQR)

(/usr/share/texlive/texmf-dist/tex/latex/graphics/trig.sty
Package: trig 2021/08/11 v1.11 sin cos tan (DPC)
)
(/usr/share/texlive/texmf-dist/tex/latex/graphics-cfg/graphics.cfg
File: graphics.cfg 2016/06/04 v1.11 sample graphics configuration
)
Package graphics Info: Driver file: xetex.def on input line 107.

(/usr/share/texlive/texmf-dist/tex/latex/graphics-def/xetex.def
File: xetex.def 2021/03/18 v5.0k Graphics/color driver for xetex
))
\Gin@req@height=\dimen167
\Gin@req@width=\dimen168
)
(/usr/share/texlive/texmf-dist/tex/latex/xcolor/xcolor.sty
Package: xcolor 2021/10/31 v2.13 LaTeX color extensions (UK)

(/usr/share/texlive/texmf-dist/tex/latex/graphics-cfg/color.cfg
File: color.cfg 2016/01/02 v1.6 sample color configuration
)
Package xcolor Info: Driver file: xetex.def on input line 227.

(/usr/share/texlive/texmf-dist/tex/latex/colortbl/colortbl.sty
Package: colortbl 2020/01/04 v1.0e Color table columns (DPC)

(/usr/share/texlive/texmf-dist/tex/latex/tools/array.sty
Package: array 2021/10/04 v2.5f Tabular extension package (FMi)
\col@sep=\dimen169
\ar@mcellbox=\box56
\extrarowheight=\dimen170
\NC@list=\toks26
\extratabsurround=\skip64
\backup@length=\skip65
\ar@cellbox=\box57
)
\everycr=\toks27
\minrowclearance=\skip66
)
\rownum=\count298
Package xcolor Info: Model `cmy' substituted by `cmy0' on input line 1352.
Package xcolor Info: Model `RGB' extended on input line 1368.
Package xcolor Info: Model `HTML' substituted by `rgb' on input line 1370.
Package xcolor Info: Model `Hsb' substituted by `hsb' on input line 1371.
Package xcolor Info: Model `tHsb' substituted by `hsb' on input line 1372.
Package xcolor Info: Model `HSB' substituted by `hsb' on input line 1373.
Package xcolor Info: Model `Gray' substituted by `gray' on input line 1374.
Package xcolor Info: Model `wave' substituted by `hsb' on input line 1375.
)
(/usr/share/texlive/texmf-dist/tex/latex/booktabs/booktabs.sty
Package: booktabs 2020/01/12 v1.61803398 Publication quality tables
\heavyrulewidth=\dimen171
\lightrulewidth=\dimen172
\cmidrulewidth=\dimen173
\belowrulesep=\dimen174
\belowbottomsep=\dimen175
\aboverulesep=\dimen176
\abovetopsep=\dimen177
\cmidrulesep=\dimen178
\cmidrulekern=\dimen179
\defaultaddspace=\dimen180
\@cmidla=\count299
\@cmidlb=\count300
\@aboverulesep=\dimen181
\@belowrulesep=\dimen182
\@thisruleclass=\count301
\@lastruleclass=\count302
\@thisrulewidth=\dimen183
)
(/usr/share/texlive/texmf-dist/tex/latex/tools/tabularx.sty
Package: tabularx 2020/01/15 v2.11c `tabularx' package (DPC)
\TX@col@width=\dimen184
\TX@old@table=\dimen185
\TX@old@col=\dimen186
\TX@target=\dimen187
\TX@delta=\dimen188
\TX@cols=\count303
\TX@ftn=\toks28
)
(/usr/share/texlive/texmf-dist/tex/latex/tools/longtable.sty
Package: longtable 2021-09-01 v4.17 Multi-page Table package (DPC)
\LTleft=\skip67
\LTright=\skip68
\LTpre=\skip69
\LTpost=\skip70
\LTchunksize=\count304
\LTcapwidth=\dimen189
\LT@head=\box58
\LT@firsthead=\box59
\LT@foot=\box60
\LT@lastfoot=\box61
\LT@gbox=\box62
\LT@cols=\count305
\LT@rows=\count306
\c@LT@tables=\count307
\c@LT@chunks=\count308
\LT@p@ftn=\toks29
)
(/usr/share/texlive/texmf-dist/tex/latex/tools/calc.sty
Package: calc 2017/05/25 v4.3 Infix arithmetic (KKT,FJ)
\calc@Acount=\count309
\calc@Bcount=\count310
\calc@Adimen=\dimen190
\calc@Bdimen=\dimen191
\calc@Askip=\skip71
\calc@Bskip=\skip72
LaTeX Info: Redefining \setlength on input line 80.
LaTeX Info: Redefining \addtolength on input line 81.
\calc@Ccount=\count311
\calc@Cskip=\skip73
)
(/usr/share/texlive/texmf-dist/tex/generic/ulem/ulem.sty
\UL@box=\box63
\UL@hyphenbox=\box64
\UL@skip=\skip74
\UL@hook=\toks30
\UL@height=\dimen192
\UL@pe=\count312
\UL@pixel=\dimen193
\ULC@box=\box65
Package: ulem 2019/11/18
\ULdepth=\dimen194
)
(/usr/share/texlive/texmf-dist/tex/latex/hyperref/hyperref.sty
Package: hyperref 2021-06-07 v7.00m Hypertext links for LaTeX

(/usr/share/texlive/texmf-dist/tex/generic/pdftexcmds/pdftexcmds.sty
Package: pdftexcmds 2020-06-27 v0.33 Utility functions of pdfTeX for LuaTeX (HO
)

(/usr/share/texlive/texmf-dist/tex/generic/infwarerr/infwarerr.sty
Package: infwarerr 2019/12/03 v1.5 Providing info/warning/error messages (HO)
)
Package pdftexcmds Info: \pdf@primitive is available.
Package pdftexcmds Info: \pdf@ifprimitive is available.
Package pdftexcmds Info: \pdfdraftmode not found.
)
(/usr/share/texlive/texmf-dist/tex/generic/kvdefinekeys/kvdefinekeys.sty
Package: kvdefinekeys 2019-12-19 v1.6 Define keys (HO)
)
(/usr/share/texlive/texmf-dist/tex/generic/pdfescape/pdfescape.sty
Package: pdfescape 2019/12/09 v1.15 Implements pdfTeX's escape features (HO)
)
(/usr/share/texlive/texmf-dist/tex/latex/hycolor/hycolor.sty
Package: hycolor 2020-01-27 v1.10 Color options for hyperref/bookmark (HO)
)
(/usr/share/texlive/texmf-dist/tex/latex/letltxmacro/letltxmacro.sty
Package: letltxmacro 2019/12/03 v1.6 Let assignment for LaTeX macros (HO)
)
(/usr/share/texlive/texmf-dist/tex/latex/auxhook/auxhook.sty
Package: auxhook 2019-12-17 v1.6 Hooks for auxiliary files (HO)
)
\@linkdim=\dimen195
\Hy@linkcounter=\count313
\Hy@pagecounter=\count314

(/usr/share/texlive/texmf-dist/tex/latex/hyperref/pd1enc.def
File: pd1enc.def 2021-06-07 v7.00m Hyperref: PDFDocEncoding definition (HO)
)
(/usr/share/texlive/texmf-dist/tex/latex/hyperref/hyperref-langpatches.def
File: hyperref-langpatches.def 2021-06-07 v7.00m Hyperref: patches for babel la
nguages
)
(/usr/share/texlive/texmf-dist/tex/generic/intcalc/intcalc.sty
Package: intcalc 2019/12/15 v1.3 Expandable calculations with integers (HO)
)
(/usr/share/texlive/texmf-dist/tex/generic/etexcmds/etexcmds.sty
Package: etexcmds 2019/12/15 v1.7 Avoid name clashes with e-TeX commands (HO)
)
\Hy@SavedSpaceFactor=\count315

(/usr/share/texlive/texmf-dist/tex/latex/hyperref/puenc.def
File: puenc.def 2021-06-07 v7.00m Hyperref: PDF Unicode definition (HO)
)
Package hyperref Info: Hyper figures OFF on input line 4192.
Package hyperref Info: Link nesting OFF on input line 4197.
Package hyperref Info: Hyper index ON on input line 4200.
Package hyperref Info: Plain pages OFF on input line 4207.
Package hyperref Info: Backreferencing OFF on input line 4212.
Package hyperref Info: Implicit mode ON; LaTeX internals redefined.
Package hyperref Info: Bookmarks ON on input line 4445.
\c@Hy@tempcnt=\count316

(/usr/share/texlive/texmf-dist/tex/latex/url/url.sty
\Urlmuskip=\muskip18
Package: url 2013/09/16  ver 3.4  Verb mode for urls, etc.
)
LaTeX Info: Redefining \url on input line 4804.
\XeTeXLinkMargin=\dimen196

(/usr/share/texlive/texmf-dist/tex/generic/bitset/bitset.sty
Package: bitset 2019/12/09 v1.3 Handle bit-vector datatype (HO)

(/usr/share/texlive/texmf-dist/tex/generic/bigintcalc/bigintcalc.sty
Package: bigintcalc 2019/12/15 v1.5 Expandable calculations on big integers (HO
)
))
\Fld@menulength=\count317
\Field@Width=\dimen197
\Fld@charsize=\dimen198
Package hyperref Info: Hyper figures OFF on input line 6076.
Package hyperref Info: Link nesting OFF on input line 6081.
Package hyperref Info: Hyper index ON on input line 6084.
Package hyperref Info: backreferencing OFF on input line 6091.
Package hyperref Info: Link coloring OFF on input line 6096.
Package hyperref Info: Link coloring with OCG OFF on input line 6101.
Package hyperref Info: PDF/A mode OFF on input line 6106.
LaTeX Info: Redefining \ref on input line 6146.
LaTeX Info: Redefining \pageref on input line 6150.

(/usr/share/texlive/texmf-dist/tex/latex/base/atbegshi-ltx.sty
Package: atbegshi-ltx 2021/01/10 v1.0c Emulation of the original atbegshi
package with kernel methods
)
\Hy@abspage=\count318
\c@Item=\count319
\c@Hfootnote=\count320
)
Package hyperref Info: Driver (autodetected): hxetex.

(/usr/share/texlive/texmf-dist/tex/latex/hyperref/hxetex.def
File: hxetex.def 2021-06-07 v7.00m Hyperref driver for XeTeX

(/usr/share/texlive/texmf-dist/tex/generic/stringenc/stringenc.sty
Package: stringenc 2019/11/29 v1.12 Convert strings between diff. encodings (HO
)
)
\pdfm@box=\box66
\c@Hy@AnnotLevel=\count321
\HyField@AnnotCount=\count322
\Fld@listcount=\count323
\c@bookmark@seq@number=\count324

(/usr/share/texlive/texmf-dist/tex/latex/rerunfilecheck/rerunfilecheck.sty
Package: rerunfilecheck 2019/12/05 v1.9 Rerun checks for auxiliary files (HO)

(/usr/share/texlive/texmf-dist/tex/latex/base/atveryend-ltx.sty
Package: atveryend-ltx 2020/08/19 v1.0a Emulation of the original atveryend pac
kage
with kernel methods
)
(/usr/share/texlive/texmf-dist/tex/generic/uniquecounter/uniquecounter.sty
Package: uniquecounter 2019/12/15 v1.4 Provide unlimited unique counter (HO)
)
Package uniquecounter Info: New unique counter `rerunfilecheck' on input line 2
86.
)
\Hy@SectionHShift=\skip75
)
(/usr/share/texlive/texmf-dist/tex/latex/cleveref/cleveref.sty
Package: cleveref 2018/03/27 v0.21.4 Intelligent cross-referencing
Package cleveref Info: `hyperref' support loaded on input line 2370.
LaTeX Info: Redefining \cref on input line 2370.
LaTeX Info: Redefining \Cref on input line 2370.
LaTeX Info: Redefining \crefrange on input line 2370.
LaTeX Info: Redefining \Crefrange on input line 2370.
LaTeX Info: Redefining \cpageref on input line 2370.
LaTeX Info: Redefining \Cpageref on input line 2370.
LaTeX Info: Redefining \cpagerefrange on input line 2370.
LaTeX Info: Redefining \Cpagerefrange on input line 2370.
LaTeX Info: Redefining \labelcref on input line 2370.
LaTeX Info: Redefining \labelcpageref on input line 2370.
)
Package hyperref Info: Option `colorlinks' set `true' on input line 87.
Package hyperref Info: Option `hypertexnames' set `false' on input line 87.

(/usr/share/texlive/texmf-dist/tex/latex/listings/listings.sty
\lst@mode=\count325
\lst@gtempboxa=\box67
\lst@token=\toks31
\lst@length=\count326
\lst@currlwidth=\dimen199
\lst@column=\count327
\lst@pos=\count328
\lst@lostspace=\dimen256
\lst@width=\dimen257
\lst@newlines=\count329
\lst@lineno=\count330
\lst@maxwidth=\dimen258

(/usr/share/texlive/texmf-dist/tex/latex/listings/lstmisc.sty
File: lstmisc.sty 2020/03/24 1.8d (Carsten Heinz)
\c@lstnumber=\count331
\lst@skipnumbers=\count332
\lst@framebox=\box68
)
(/usr/share/texlive/texmf-dist/tex/latex/listings/listings.cfg
File: listings.cfg 2020/03/24 1.8d listings configuration
))
Package: listings 2020/03/24 1.8d (Carsten Heinz)

(/usr/share/texlive/texmf-dist/tex/latex/float/float.sty
Package: float 2001/11/08 v1.3d Float enhancements (AL)
\c@float@type=\count333
\float@exts=\toks32
\float@box=\box69
\@float@everytoks=\toks33
\@floatcapt=\box70
)
\@float@every@listing=\toks34
\c@listing=\count334

(/usr/share/texlive/texmf-dist/tex/latex/tcolorbox/tcolorbox.sty
Package: tcolorbox 2022/01/07 version 5.0.2 text color boxes

(/usr/share/texlive/texmf-dist/tex/latex/pgf/basiclayer/pgf.sty
(/usr/share/texlive/texmf-dist/tex/latex/pgf/utilities/pgfrcs.sty
(/usr/share/texlive/texmf-dist/tex/generic/pgf/utilities/pgfutil-common.tex
\pgfutil@everybye=\toks35
\pgfutil@tempdima=\dimen259
\pgfutil@tempdimb=\dimen260

(/usr/share/texlive/texmf-dist/tex/generic/pgf/utilities/pgfutil-common-lists.t
ex)) (/usr/share/texlive/texmf-dist/tex/generic/pgf/utilities/pgfutil-latex.def
\pgfutil@abb=\box71
) (/usr/share/texlive/texmf-dist/tex/generic/pgf/utilities/pgfrcs.code.tex
(/usr/share/texlive/texmf-dist/tex/generic/pgf/pgf.revision.tex)
Package: pgfrcs 2021/05/15 v3.1.9a (3.1.9a)
))
Package: pgf 2021/05/15 v3.1.9a (3.1.9a)

(/usr/share/texlive/texmf-dist/tex/latex/pgf/basiclayer/pgfcore.sty
(/usr/share/texlive/texmf-dist/tex/latex/pgf/systemlayer/pgfsys.sty
(/usr/share/texlive/texmf-dist/tex/generic/pgf/systemlayer/pgfsys.code.tex
Package: pgfsys 2021/05/15 v3.1.9a (3.1.9a)

(/usr/share/texlive/texmf-dist/tex/generic/pgf/utilities/pgfkeys.code.tex
\pgfkeys@pathtoks=\toks36
\pgfkeys@temptoks=\toks37

(/usr/share/texlive/texmf-dist/tex/generic/pgf/utilities/pgfkeysfiltered.code.t
ex
\pgfkeys@tmptoks=\toks38
))
\pgf@x=\dimen261
\pgf@y=\dimen262
\pgf@xa=\dimen263
\pgf@ya=\dimen264
\pgf@xb=\dimen265
\pgf@yb=\dimen266
\pgf@xc=\dimen267
\pgf@yc=\dimen268
\pgf@xd=\dimen269
\pgf@yd=\dimen270
\w@pgf@writea=\write3
\r@pgf@reada=\read3
\c@pgf@counta=\count335
\c@pgf@countb=\count336
\c@pgf@countc=\count337
\c@pgf@countd=\count338
\t@pgf@toka=\toks39
\t@pgf@tokb=\toks40
\t@pgf@tokc=\toks41
\pgf@sys@id@count=\count339
 (/usr/share/texlive/texmf-dist/tex/generic/pgf/systemlayer/pgf.cfg
File: pgf.cfg 2021/05/15 v3.1.9a (3.1.9a)
)
Driver file for pgf: pgfsys-xetex.def

(/usr/share/texlive/texmf-dist/tex/generic/pgf/systemlayer/pgfsys-xetex.def
File: pgfsys-xetex.def 2021/05/15 v3.1.9a (3.1.9a)

(/usr/share/texlive/texmf-dist/tex/generic/pgf/systemlayer/pgfsys-dvipdfmx.def
File: pgfsys-dvipdfmx.def 2021/05/15 v3.1.9a (3.1.9a)

(/usr/share/texlive/texmf-dist/tex/generic/pgf/systemlayer/pgfsys-common-pdf.de
f
File: pgfsys-common-pdf.def 2021/05/15 v3.1.9a (3.1.9a)
)
\pgfsys@objnum=\count340
)))
(/usr/share/texlive/texmf-dist/tex/generic/pgf/systemlayer/pgfsyssoftpath.code.
tex
File: pgfsyssoftpath.code.tex 2021/05/15 v3.1.9a (3.1.9a)
\pgfsyssoftpath@smallbuffer@items=\count341
\pgfsyssoftpath@bigbuffer@items=\count342
)
(/usr/share/texlive/texmf-dist/tex/generic/pgf/systemlayer/pgfsysprotocol.code.
tex
File: pgfsysprotocol.code.tex 2021/05/15 v3.1.9a (3.1.9a)
))
(/usr/share/texlive/texmf-dist/tex/generic/pgf/basiclayer/pgfcore.code.tex
Package: pgfcore 2021/05/15 v3.1.9a (3.1.9a)

(/usr/share/texlive/texmf-dist/tex/generic/pgf/math/pgfmath.code.tex
(/usr/share/texlive/texmf-dist/tex/generic/pgf/math/pgfmathcalc.code.tex
(/usr/share/texlive/texmf-dist/tex/generic/pgf/math/pgfmathutil.code.tex)
(/usr/share/texlive/texmf-dist/tex/generic/pgf/math/pgfmathparser.code.tex
\pgfmath@dimen=\dimen271
\pgfmath@count=\count343
\pgfmath@box=\box72
\pgfmath@toks=\toks42
\pgfmath@stack@operand=\toks43
\pgfmath@stack@operation=\toks44
)
(/usr/share/texlive/texmf-dist/tex/generic/pgf/math/pgfmathfunctions.code.tex
(/usr/share/texlive/texmf-dist/tex/generic/pgf/math/pgfmathfunctions.basic.code
.tex)
(/usr/share/texlive/texmf-dist/tex/generic/pgf/math/pgfmathfunctions.trigonomet
ric.code.tex)
(/usr/share/texlive/texmf-dist/tex/generic/pgf/math/pgfmathfunctions.random.cod
e.tex)
(/usr/share/texlive/texmf-dist/tex/generic/pgf/math/pgfmathfunctions.comparison
.code.tex)
(/usr/share/texlive/texmf-dist/tex/generic/pgf/math/pgfmathfunctions.base.code.
tex)
(/usr/share/texlive/texmf-dist/tex/generic/pgf/math/pgfmathfunctions.round.code
.tex)
(/usr/share/texlive/texmf-dist/tex/generic/pgf/math/pgfmathfunctions.misc.code.
tex)
(/usr/share/texlive/texmf-dist/tex/generic/pgf/math/pgfmathfunctions.integerari
thmetics.code.tex)))
(/usr/share/texlive/texmf-dist/tex/generic/pgf/math/pgfmathfloat.code.tex
\c@pgfmathroundto@lastzeros=\count344
))
(/usr/share/texlive/texmf-dist/tex/generic/pgf/math/pgfint.code.tex)
(/usr/share/texlive/texmf-dist/tex/generic/pgf/basiclayer/pgfcorepoints.code.te
x
File: pgfcorepoints.code.tex 2021/05/15 v3.1.9a (3.1.9a)
\pgf@picminx=\dimen272
\pgf@picmaxx=\dimen273
\pgf@picminy=\dimen274
\pgf@picmaxy=\dimen275
\pgf@pathminx=\dimen276
\pgf@pathmaxx=\dimen277
\pgf@pathminy=\dimen278
\pgf@pathmaxy=\dimen279
\pgf@xx=\dimen280
\pgf@xy=\dimen281
\pgf@yx=\dimen282
\pgf@yy=\dimen283
\pgf@zx=\dimen284
\pgf@zy=\dimen285
)
(/usr/share/texlive/texmf-dist/tex/generic/pgf/basiclayer/pgfcorepathconstruct.
code.tex
File: pgfcorepathconstruct.code.tex 2021/05/15 v3.1.9a (3.1.9a)
\pgf@path@lastx=\dimen286
\pgf@path@lasty=\dimen287
)
(/usr/share/texlive/texmf-dist/tex/generic/pgf/basiclayer/pgfcorepathusage.code
.tex
File: pgfcorepathusage.code.tex 2021/05/15 v3.1.9a (3.1.9a)
\pgf@shorten@end@additional=\dimen288
\pgf@shorten@start@additional=\dimen289
)
(/usr/share/texlive/texmf-dist/tex/generic/pgf/basiclayer/pgfcorescopes.code.te
x
File: pgfcorescopes.code.tex 2021/05/15 v3.1.9a (3.1.9a)
\pgfpic=\box73
\pgf@hbox=\box74
\pgf@layerbox@main=\box75
\pgf@picture@serial@count=\count345
)
(/usr/share/texlive/texmf-dist/tex/generic/pgf/basiclayer/pgfcoregraphicstate.c
ode.tex
File: pgfcoregraphicstate.code.tex 2021/05/15 v3.1.9a (3.1.9a)
\pgflinewidth=\dimen290
)
(/usr/share/texlive/texmf-dist/tex/generic/pgf/basiclayer/pgfcoretransformation
s.code.tex
File: pgfcoretransformations.code.tex 2021/05/15 v3.1.9a (3.1.9a)
\pgf@pt@x=\dimen291
\pgf@pt@y=\dimen292
\pgf@pt@temp=\dimen293
)
(/usr/share/texlive/texmf-dist/tex/generic/pgf/basiclayer/pgfcorequick.code.tex
File: pgfcorequick.code.tex 2021/05/15 v3.1.9a (3.1.9a)
)
(/usr/share/texlive/texmf-dist/tex/generic/pgf/basiclayer/pgfcoreobjects.code.t
ex
File: pgfcoreobjects.code.tex 2021/05/15 v3.1.9a (3.1.9a)
)
(/usr/share/texlive/texmf-dist/tex/generic/pgf/basiclayer/pgfcorepathprocessing
.code.tex
File: pgfcorepathprocessing.code.tex 2021/05/15 v3.1.9a (3.1.9a)
)
(/usr/share/texlive/texmf-dist/tex/generic/pgf/basiclayer/pgfcorearrows.code.te
x
File: pgfcorearrows.code.tex 2021/05/15 v3.1.9a (3.1.9a)
\pgfarrowsep=\dimen294
)
(/usr/share/texlive/texmf-dist/tex/generic/pgf/basiclayer/pgfcoreshade.code.tex
File: pgfcoreshade.code.tex 2021/05/15 v3.1.9a (3.1.9a)
\pgf@max=\dimen295
\pgf@sys@shading@range@num=\count346
\pgf@shadingcount=\count347
)
(/usr/share/texlive/texmf-dist/tex/generic/pgf/basiclayer/pgfcoreimage.code.tex
File: pgfcoreimage.code.tex 2021/05/15 v3.1.9a (3.1.9a)

(/usr/share/texlive/texmf-dist/tex/generic/pgf/basiclayer/pgfcoreexternal.code.
tex
File: pgfcoreexternal.code.tex 2021/05/15 v3.1.9a (3.1.9a)
\pgfexternal@startupbox=\box76
))
(/usr/share/texlive/texmf-dist/tex/generic/pgf/basiclayer/pgfcorelayers.code.te
x
File: pgfcorelayers.code.tex 2021/05/15 v3.1.9a (3.1.9a)
)
(/usr/share/texlive/texmf-dist/tex/generic/pgf/basiclayer/pgfcoretransparency.c
ode.tex
File: pgfcoretransparency.code.tex 2021/05/15 v3.1.9a (3.1.9a)
)
(/usr/share/texlive/texmf-dist/tex/generic/pgf/basiclayer/pgfcorepatterns.code.
tex
File: pgfcorepatterns.code.tex 2021/05/15 v3.1.9a (3.1.9a)
)
(/usr/share/texlive/texmf-dist/tex/generic/pgf/basiclayer/pgfcorerdf.code.tex
File: pgfcorerdf.code.tex 2021/05/15 v3.1.9a (3.1.9a)
)))
(/usr/share/texlive/texmf-dist/tex/generic/pgf/modules/pgfmoduleshapes.code.tex
File: pgfmoduleshapes.code.tex 2021/05/15 v3.1.9a (3.1.9a)
\pgfnodeparttextbox=\box77
) (/usr/share/texlive/texmf-dist/tex/generic/pgf/modules/pgfmoduleplot.code.tex
File: pgfmoduleplot.code.tex 2021/05/15 v3.1.9a (3.1.9a)
)
(/usr/share/texlive/texmf-dist/tex/latex/pgf/compatibility/pgfcomp-version-0-65
.sty
Package: pgfcomp-version-0-65 2021/05/15 v3.1.9a (3.1.9a)
\pgf@nodesepstart=\dimen296
\pgf@nodesepend=\dimen297
)
(/usr/share/texlive/texmf-dist/tex/latex/pgf/compatibility/pgfcomp-version-1-18
.sty
Package: pgfcomp-version-1-18 2021/05/15 v3.1.9a (3.1.9a)
)) (/usr/share/texlive/texmf-dist/tex/latex/tools/verbatim.sty
Package: verbatim 2020-07-07 v1.5u LaTeX2e package for verbatim enhancements
\every@verbatim=\toks45
\verbatim@line=\toks46
\verbatim@in@stream=\read4
)
(/usr/share/texlive/texmf-dist/tex/latex/environ/environ.sty
Package: environ 2014/05/04 v0.3 A new way to define environments

(/usr/share/texlive/texmf-dist/tex/latex/trimspaces/trimspaces.sty
Package: trimspaces 2009/09/17 v1.1 Trim spaces around a token list
))
\tcb@titlebox=\box78
\tcb@upperbox=\box79
\tcb@lowerbox=\box80
\tcb@phantombox=\box81
\c@tcbbreakpart=\count348
\c@tcblayer=\count349
\c@tcolorbox@number=\count350
\tcb@temp=\box82
\tcb@temp=\box83
\tcb@temp=\box84
\tcb@temp=\box85
)
(/usr/share/texlive/texmf-dist/tex/latex/tcolorbox/tcbskins.code.tex
Library (tcolorbox): 'tcbskins.code.tex' version '5.0.2'
(/usr/share/texlive/texmf-dist/tex/latex/pgf/frontendlayer/tikz.sty
(/usr/share/texlive/texmf-dist/tex/latex/pgf/utilities/pgffor.sty
(/usr/share/texlive/texmf-dist/tex/latex/pgf/utilities/pgfkeys.sty
(/usr/share/texlive/texmf-dist/tex/generic/pgf/utilities/pgfkeys.code.tex))
(/usr/share/texlive/texmf-dist/tex/latex/pgf/math/pgfmath.sty
(/usr/share/texlive/texmf-dist/tex/generic/pgf/math/pgfmath.code.tex))
(/usr/share/texlive/texmf-dist/tex/generic/pgf/utilities/pgffor.code.tex
Package: pgffor 2021/05/15 v3.1.9a (3.1.9a)

(/usr/share/texlive/texmf-dist/tex/generic/pgf/math/pgfmath.code.tex)
\pgffor@iter=\dimen298
\pgffor@skip=\dimen299
\pgffor@stack=\toks47
\pgffor@toks=\toks48
))
(/usr/share/texlive/texmf-dist/tex/generic/pgf/frontendlayer/tikz/tikz.code.tex
Package: tikz 2021/05/15 v3.1.9a (3.1.9a)

(/usr/share/texlive/texmf-dist/tex/generic/pgf/libraries/pgflibraryplothandlers
.code.tex
File: pgflibraryplothandlers.code.tex 2021/05/15 v3.1.9a (3.1.9a)
\pgf@plot@mark@count=\count351
\pgfplotmarksize=\dimen300
)
\tikz@lastx=\dimen301
\tikz@lasty=\dimen302
\tikz@lastxsaved=\dimen303
\tikz@lastysaved=\dimen304
\tikz@lastmovetox=\dimen305
\tikz@lastmovetoy=\dimen306
\tikzleveldistance=\dimen307
\tikzsiblingdistance=\dimen308
\tikz@figbox=\box86
\tikz@figbox@bg=\box87
\tikz@tempbox=\box88
\tikz@tempbox@bg=\box89
\tikztreelevel=\count352
\tikznumberofchildren=\count353
\tikznumberofcurrentchild=\count354
\tikz@fig@count=\count355

(/usr/share/texlive/texmf-dist/tex/generic/pgf/modules/pgfmodulematrix.code.tex
File: pgfmodulematrix.code.tex 2021/05/15 v3.1.9a (3.1.9a)
\pgfmatrixcurrentrow=\count356
\pgfmatrixcurrentcolumn=\count357
\pgf@matrix@numberofcolumns=\count358
)
\tikz@expandcount=\count359

(/usr/share/texlive/texmf-dist/tex/generic/pgf/frontendlayer/tikz/libraries/tik
zlibrarytopaths.code.tex
File: tikzlibrarytopaths.code.tex 2021/05/15 v3.1.9a (3.1.9a)
)))
\tcb@waterbox=\box90

(/usr/share/texlive/texmf-dist/tex/latex/tcolorbox/tcbskinsjigsaw.code.tex
Library (tcolorbox): 'tcbskinsjigsaw.code.tex' version '5.0.2'
)) (/usr/share/texlive/texmf-dist/tex/latex/tcolorbox/tcbbreakable.code.tex
Library (tcolorbox): 'tcbbreakable.code.tex' version '5.0.2'
(/usr/share/texlive/texmf-dist/tex/generic/oberdiek/pdfcol.sty
Package: pdfcol 2019/12/29 v1.6 Handle new color stacks for pdfTeX (HO)
Package pdfcol Info: Interface disabled because of missing PDF mode of pdfTeX.
)
Package pdfcol Info: pdfTeX's color stacks are not available.
\tcb@testbox=\box91
\tcb@totalupperbox=\box92
\tcb@totallowerbox=\box93
)
(/usr/share/texlive/texmf-dist/tex/generic/pgf/frontendlayer/tikz/libraries/tik
zlibrarypositioning.code.tex
File: tikzlibrarypositioning.code.tex 2021/05/15 v3.1.9a (3.1.9a)
)
(/usr/share/texlive/texmf-dist/tex/generic/pgf/frontendlayer/tikz/libraries/tik
zlibraryarrows.code.tex
File: tikzlibraryarrows.code.tex 2021/05/15 v3.1.9a (3.1.9a)

(/usr/share/texlive/texmf-dist/tex/generic/pgf/libraries/pgflibraryarrows.code.
tex
File: pgflibraryarrows.code.tex 2021/05/15 v3.1.9a (3.1.9a)
\arrowsize=\dimen309
))
(/usr/share/texlive/texmf-dist/tex/generic/pgf/frontendlayer/tikz/libraries/tik
zlibraryshapes.code.tex
File: tikzlibraryshapes.code.tex 2021/05/15 v3.1.9a (3.1.9a)

(/usr/share/texlive/texmf-dist/tex/generic/pgf/frontendlayer/tikz/libraries/tik
zlibraryshapes.geometric.code.tex
File: tikzlibraryshapes.geometric.code.tex 2021/05/15 v3.1.9a (3.1.9a)

(/usr/share/texlive/texmf-dist/tex/generic/pgf/libraries/shapes/pgflibraryshape
s.geometric.code.tex
File: pgflibraryshapes.geometric.code.tex 2021/05/15 v3.1.9a (3.1.9a)
))
(/usr/share/texlive/texmf-dist/tex/generic/pgf/frontendlayer/tikz/libraries/tik
zlibraryshapes.misc.code.tex
File: tikzlibraryshapes.misc.code.tex 2021/05/15 v3.1.9a (3.1.9a)

(/usr/share/texlive/texmf-dist/tex/generic/pgf/libraries/shapes/pgflibraryshape
s.misc.code.tex
File: pgflibraryshapes.misc.code.tex 2021/05/15 v3.1.9a (3.1.9a)
))
(/usr/share/texlive/texmf-dist/tex/generic/pgf/frontendlayer/tikz/libraries/tik
zlibraryshapes.symbols.code.tex
File: tikzlibraryshapes.symbols.code.tex 2021/05/15 v3.1.9a (3.1.9a)

(/usr/share/texlive/texmf-dist/tex/generic/pgf/libraries/shapes/pgflibraryshape
s.symbols.code.tex
File: pgflibraryshapes.symbols.code.tex 2021/05/15 v3.1.9a (3.1.9a)
))
(/usr/share/texlive/texmf-dist/tex/generic/pgf/frontendlayer/tikz/libraries/tik
zlibraryshapes.arrows.code.tex
File: tikzlibraryshapes.arrows.code.tex 2021/05/15 v3.1.9a (3.1.9a)

(/usr/share/texlive/texmf-dist/tex/generic/pgf/libraries/shapes/pgflibraryshape
s.arrows.code.tex
File: pgflibraryshapes.arrows.code.tex 2021/05/15 v3.1.9a (3.1.9a)
))
(/usr/share/texlive/texmf-dist/tex/generic/pgf/frontendlayer/tikz/libraries/tik
zlibraryshapes.callouts.code.tex
(/usr/share/texlive/texmf-dist/tex/generic/pgf/libraries/shapes/pgflibraryshape
s.callouts.code.tex))
(/usr/share/texlive/texmf-dist/tex/generic/pgf/frontendlayer/tikz/libraries/tik
zlibraryshapes.multipart.code.tex
File: tikzlibraryshapes.multipart.code.tex 2021/05/15 v3.1.9a (3.1.9a)

(/usr/share/texlive/texmf-dist/tex/generic/pgf/libraries/shapes/pgflibraryshape
s.multipart.code.tex
File: pgflibraryshapes.multipart.code.tex 2021/05/15 v3.1.9a (3.1.9a)
\pgfnodepartlowerbox=\box94
\pgfnodeparttwobox=\box95
\pgfnodepartthreebox=\box96
\pgfnodepartfourbox=\box97
\pgfnodeparttwentybox=\box98
\pgfnodepartnineteenbox=\box99
\pgfnodeparteighteenbox=\box100
\pgfnodepartseventeenbox=\box101
\pgfnodepartsixteenbox=\box102
\pgfnodepartfifteenbox=\box103
\pgfnodepartfourteenbox=\box104
\pgfnodepartthirteenbox=\box105
\pgfnodeparttwelvebox=\box106
\pgfnodepartelevenbox=\box107
\pgfnodeparttenbox=\box108
\pgfnodepartninebox=\box109
\pgfnodeparteightbox=\box110
\pgfnodepartsevenbox=\box111
\pgfnodepartsixbox=\box112
\pgfnodepartfivebox=\box113
)))
(/usr/share/texlive/texmf-dist/tex/generic/pgf/frontendlayer/tikz/libraries/tik
zlibraryfit.code.tex
File: tikzlibraryfit.code.tex 2021/05/15 v3.1.9a (3.1.9a)
)
(/usr/share/texlive/texmf-dist/tex/generic/pgf/libraries/pgflibraryarrows.meta.
code.tex
File: pgflibraryarrows.meta.code.tex 2021/05/15 v3.1.9a (3.1.9a)
\pgfarrowinset=\dimen310
\pgfarrowlength=\dimen311
\pgfarrowwidth=\dimen312
\pgfarrowlinewidth=\dimen313
)
(/usr/share/texlive/texmf-dist/tex/generic/pgf/frontendlayer/tikz/libraries/tik
zlibrarydecorations.pathmorphing.code.tex
(/usr/share/texlive/texmf-dist/tex/generic/pgf/frontendlayer/tikz/libraries/tik
zlibrarydecorations.code.tex
(/usr/share/texlive/texmf-dist/tex/generic/pgf/modules/pgfmoduledecorations.cod
e.tex
\pgfdecoratedcompleteddistance=\dimen314
\pgfdecoratedremainingdistance=\dimen315
\pgfdecoratedinputsegmentcompleteddistance=\dimen316
\pgfdecoratedinputsegmentremainingdistance=\dimen317
\pgf@decorate@distancetomove=\dimen318
\pgf@decorate@repeatstate=\count360
\pgfdecorationsegmentamplitude=\dimen319
\pgfdecorationsegmentlength=\dimen320
)
\tikz@lib@dec@box=\box114
)
(/usr/share/texlive/texmf-dist/tex/generic/pgf/libraries/decorations/pgflibrary
decorations.pathmorphing.code.tex))
(/usr/share/texlive/texmf-dist/tex/generic/pgf/frontendlayer/tikz/libraries/tik
zlibrarymatrix.code.tex
File: tikzlibrarymatrix.code.tex 2021/05/15 v3.1.9a (3.1.9a)
)
(/usr/share/texlive/texmf-dist/tex/generic/pgf/frontendlayer/tikz/libraries/tik
zlibrarycalc.code.tex
File: tikzlibrarycalc.code.tex 2021/05/15 v3.1.9a (3.1.9a)
)
(/usr/share/texlive/texmf-dist/tex/latex/natbib/natbib.sty
Package: natbib 2010/09/13 8.31b (PWD, AO)
\bibhang=\skip76
\bibsep=\skip77
LaTeX Info: Redefining \cite on input line 694.
\c@NAT@ctr=\count361
)
(/usr/share/texlive/texmf-dist/tex/latex/amscls/amsthm.sty
Package: amsthm 2020/05/29 v2.20.6
\thm@style=\toks49
\thm@bodyfont=\toks50
\thm@headfont=\toks51
\thm@notefont=\toks52
\thm@headpunct=\toks53
\thm@preskip=\skip78
\thm@postskip=\skip79
\thm@headsep=\skip80
\dth@everypar=\toks54
)
\c@theorem=\count362
\c@definition=\count363
 (./SO_BELOW.aux)
\openout1 = `SO_BELOW.aux'.

LaTeX Font Info:    Checking defaults for OML/cmm/m/it on input line 284.
LaTeX Font Info:    ... okay on input line 284.
LaTeX Font Info:    Checking defaults for OMS/cmsy/m/n on input line 284.
LaTeX Font Info:    ... okay on input line 284.
LaTeX Font Info:    Checking defaults for OT1/cmr/m/n on input line 284.
LaTeX Font Info:    ... okay on input line 284.
LaTeX Font Info:    Checking defaults for T1/cmr/m/n on input line 284.
LaTeX Font Info:    ... okay on input line 284.
LaTeX Font Info:    Checking defaults for TS1/cmr/m/n on input line 284.
LaTeX Font Info:    ... okay on input line 284.
LaTeX Font Info:    Checking defaults for TU/lmr/m/n on input line 284.
LaTeX Font Info:    ... okay on input line 284.
LaTeX Font Info:    Checking defaults for OMX/cmex/m/n on input line 284.
LaTeX Font Info:    ... okay on input line 284.
LaTeX Font Info:    Checking defaults for U/cmr/m/n on input line 284.
LaTeX Font Info:    ... okay on input line 284.
LaTeX Font Info:    Checking defaults for PD1/pdf/m/n on input line 284.
LaTeX Font Info:    ... okay on input line 284.
LaTeX Font Info:    Checking defaults for PU/pdf/m/n on input line 284.
LaTeX Font Info:    ... okay on input line 284.
LaTeX Font Info:    Overwriting math alphabet `\mathrm' in version `normal'
(Font)                  TU/LatinModernMath(1)/m/n --> TU/lmr/m/n on input line 
284.
LaTeX Font Info:    Overwriting math alphabet `\mathit' in version `normal'
(Font)                  OT1/cmr/m/it --> TU/lmr/m/it on input line 284.
LaTeX Font Info:    Overwriting math alphabet `\mathbf' in version `normal'
(Font)                  OT1/cmr/bx/n --> TU/lmr/bx/n on input line 284.
LaTeX Font Info:    Overwriting math alphabet `\mathsf' in version `normal'
(Font)                  OT1/cmss/m/n --> TU/lmss/m/n on input line 284.
LaTeX Font Info:    Overwriting math alphabet `\mathsf' in version `bold'
(Font)                  OT1/cmss/bx/n --> TU/lmss/bx/n on input line 284.
LaTeX Font Info:    Overwriting math alphabet `\mathtt' in version `normal'
(Font)                  OT1/cmtt/m/n --> TU/lmtt/m/n on input line 284.
LaTeX Font Info:    Overwriting math alphabet `\mathtt' in version `bold'
(Font)                  OT1/cmtt/m/n --> TU/lmtt/bx/n on input line 284.

*geometry* driver: auto-detecting
*geometry* detected driver: xetex
*geometry* verbose mode - [ preamble ] result:
* driver: xetex
* paper: a4paper
* layout: <same size as paper>
* layoutoffset:(h,v)=(0.0pt,0.0pt)
* modes: includehead includefoot 
* h-part:(L,W,R)=(72.26999pt, 452.9679pt, 72.26999pt)
* v-part:(T,H,B)=(72.26999pt, 700.50687pt, 72.26999pt)
* \paperwidth=597.50787pt
* \paperheight=845.04684pt
* \textwidth=452.9679pt
* \textheight=631.00687pt
* \oddsidemargin=0.0pt
* \evensidemargin=0.0pt
* \topmargin=0.0pt
* \headheight=14.5pt
* \headsep=25.0pt
* \topskip=12.0pt
* \footskip=30.0pt
* \marginparwidth=35.0pt
* \marginparsep=10.0pt
* \columnsep=10.0pt
* \skip\footins=10.8pt plus 4.0pt minus 2.0pt
* \hoffset=0.0pt
* \voffset=0.0pt
* \mag=1000
* \@twocolumnfalse
* \@twosidefalse
* \@mparswitchfalse
* \@reversemarginfalse
* (1in=72.27pt=25.4mm, 1cm=28.453pt)

LaTeX Info: Redefining \microtypecontext on input line 284.
Package microtype Info: Applying patch `item' on input line 284.
Package microtype Info: Applying patch `toc' on input line 284.
Package microtype Info: Applying patch `eqnum' on input line 284.
Package microtype Info: Applying patch `footnote' on input line 284.
Package microtype Info: Character protrusion enabled (level 2).
Package microtype Info: Using default protrusion set `alltext'.
Package microtype Info: No adjustment of tracking.
Package microtype Info: No adjustment of spacing.
Package microtype Info: No adjustment of kerning.
(/usr/share/texlive/texmf-dist/tex/latex/microtype/mt-LatinModernRoman.cfg
File: mt-LatinModernRoman.cfg 2021/02/21 v1.1 microtype config. file: Latin Mod
ern Roman (RS)
)
Package hyperref Info: Link coloring ON on input line 284.

(/usr/share/texlive/texmf-dist/tex/latex/hyperref/nameref.sty
Package: nameref 2021-04-02 v2.47 Cross-referencing by name of section

(/usr/share/texlive/texmf-dist/tex/latex/refcount/refcount.sty
Package: refcount 2019/12/15 v3.6 Data extraction from label references (HO)
)
(/usr/share/texlive/texmf-dist/tex/generic/gettitlestring/gettitlestring.sty
Package: gettitlestring 2019/12/15 v1.6 Cleanup title references (HO)
)
\c@section@level=\count364
)
LaTeX Info: Redefining \ref on input line 284.
LaTeX Info: Redefining \pageref on input line 284.
LaTeX Info: Redefining \nameref on input line 284.

(./SO_BELOW.out) (./SO_BELOW.out)
\@outlinefile=\write4
\openout4 = `SO_BELOW.out'.

\c@lstlisting=\count365
Package microtype Info: Loading generic protrusion settings for font family
(microtype)             `LatinModernMath' (encoding: TU).
(microtype)             For optimal results, create family-specific settings.
(microtype)             See the microtype manual for details.
Package microtype Info: Character `\dj ' is missing
(microtype)             in font `\TU/LatinModernMath(1)/m/n/14.4'.
(microtype)             Ignoring protrusion settings for this character.
LaTeX Font Info:    Font shape `TU/LatinModernMath(2)/m/n' will be
(Font)              scaled to size 14.40152pt on input line 292.
LaTeX Font Info:    Font shape `TU/LatinModernMath(2)/m/n' will be
(Font)              scaled to size 10.00107pt on input line 292.
LaTeX Font Info:    Font shape `TU/LatinModernMath(2)/m/n' will be
(Font)              scaled to size 7.00075pt on input line 292.
LaTeX Font Info:    Font shape `TU/LatinModernMath(3)/m/n' will be
(Font)              scaled to size 14.39845pt on input line 292.
LaTeX Font Info:    Font shape `TU/LatinModernMath(3)/m/n' will be
(Font)              scaled to size 9.99893pt on input line 292.
LaTeX Font Info:    Font shape `TU/LatinModernMath(3)/m/n' will be
(Font)              scaled to size 6.99925pt on input line 292.
LaTeX Font Info:    Font shape `TU/LatinModernMath(2)/m/n' will be
(Font)              scaled to size 10.95116pt on input line 305.
LaTeX Font Info:    Font shape `TU/LatinModernMath(2)/m/n' will be
(Font)              scaled to size 8.00085pt on input line 305.
LaTeX Font Info:    Font shape `TU/LatinModernMath(2)/m/n' will be
(Font)              scaled to size 6.00064pt on input line 305.
LaTeX Font Info:    Font shape `TU/LatinModernMath(3)/m/n' will be
(Font)              scaled to size 10.94882pt on input line 305.
LaTeX Font Info:    Font shape `TU/LatinModernMath(3)/m/n' will be
(Font)              scaled to size 7.99915pt on input line 305.
LaTeX Font Info:    Font shape `TU/LatinModernMath(3)/m/n' will be
(Font)              scaled to size 5.99936pt on input line 305.
LaTeX Font Info:    Font shape `TU/Trabajo.otf(0)/m/n' will be
(Font)              scaled to size 12.04506pt on input line 308.
Package microtype Info: Loading generic protrusion settings for font family
(microtype)             `Trabajo.otf' (encoding: TU).
(microtype)             For optimal results, create family-specific settings.
(microtype)             See the microtype manual for details.
Package microtype Info: Character `\guilsinglleft ' is missing
(microtype)             in font `\TU/Trabajo.otf(0)/m/n/10.95'.
(microtype)             Ignoring protrusion settings for this character.
Package microtype Info: Character `\guilsinglright ' is missing
(microtype)             in font `\TU/Trabajo.otf(0)/m/n/10.95'.
(microtype)             Ignoring protrusion settings for this character.
LaTeX Font Info:    Font shape `TU/EversonMono(0)/m/n' will be
(Font)              scaled to size 12.04506pt on input line 317.
Package microtype Info: Loading generic protrusion settings for font family
(microtype)             `EversonMono' (encoding: TU).
(microtype)             For optimal results, create family-specific settings.
(microtype)             See the microtype manual for details.
 [1

]
LaTeX Font Info:    Font shape `TU/LatinModernMath(2)/m/n' will be
(Font)              scaled to size 12.00128pt on input line 340.
LaTeX Font Info:    Font shape `TU/LatinModernMath(2)/m/n' will be
(Font)              scaled to size 8.40088pt on input line 340.
LaTeX Font Info:    Font shape `TU/LatinModernMath(3)/m/n' will be
(Font)              scaled to size 11.99872pt on input line 340.
LaTeX Font Info:    Font shape `TU/LatinModernMath(3)/m/n' will be
(Font)              scaled to size 8.3991pt on input line 340.
LaTeX Font Info:    Font shape `TU/EversonMono(0)/m/n' will be
(Font)              scaled to size 13.20007pt on input line 340.
LaTeX Font Info:    Font shape `TU/Trabajo.otf(0)/m/n' will be
(Font)              scaled to size 13.20007pt on input line 359.
Package microtype Info: Character `\guilsinglleft ' is missing
(microtype)             in font `\TU/Trabajo.otf(0)/m/n/12'.
(microtype)             Ignoring protrusion settings for this character.
Package microtype Info: Character `\guilsinglright ' is missing
(microtype)             in font `\TU/Trabajo.otf(0)/m/n/12'.
(microtype)             Ignoring protrusion settings for this character.
 [2] [3]
LaTeX Font Info:    Font shape `TU/LatinModernMath(2)/m/n' will be
(Font)              scaled to size 5.00053pt on input line 480.
LaTeX Font Info:    Font shape `TU/LatinModernMath(3)/m/n' will be
(Font)              scaled to size 4.99947pt on input line 480.
LaTeX Font Info:    Font shape `TU/EversonMono(0)/m/n' will be
(Font)              scaled to size 11.00006pt on input line 502.
 [4] [5]

LaTeX Font Warning: Font shape `TU/LatinModernMath(1)/b/n' undefined
(Font)              using `TU/LatinModernMath(1)/m/n' instead on input line 635
.


LaTeX Font Warning: Font shape `TU/LatinModernMath(2)/b/n' undefined
(Font)              using `TU/LatinModernMath(2)/m/n' instead on input line 635
.

LaTeX Font Info:    Font shape `TU/LatinModernMath(2)/b/n' will be
(Font)              scaled to size 8.40088pt on input line 635.
LaTeX Font Info:    Font shape `TU/LatinModernMath(2)/b/n' will be
(Font)              scaled to size 6.00064pt on input line 635.

LaTeX Font Warning: Font shape `TU/LatinModernMath(3)/b/n' undefined
(Font)              using `TU/LatinModernMath(3)/m/n' instead on input line 635
.

LaTeX Font Info:    Font shape `TU/LatinModernMath(3)/b/n' will be
(Font)              scaled to size 8.3991pt on input line 635.
LaTeX Font Info:    Font shape `TU/LatinModernMath(3)/b/n' will be
(Font)              scaled to size 5.99936pt on input line 635.
LaTeX Font Info:    Font shape `TU/LatinModernMath(2)/b/n' will be
(Font)              scaled to size 12.00128pt on input line 637.
LaTeX Font Info:    Font shape `TU/LatinModernMath(3)/b/n' will be
(Font)              scaled to size 11.99872pt on input line 637.

Overfull \hbox (30.72894pt too wide) in paragraph at lines 652--668
 [][] 
 []

[6] [7] [8]
LaTeX Font Info:    Font shape `TU/EversonMono(0)/bx/n' in size <14.4> not avai
lable
(Font)              Font shape `TU/EversonMono(0)/b/n' tried instead on input l
ine 812.
LaTeX Font Info:    Font shape `TU/EversonMono(0)/b/n' will be
(Font)              scaled to size 15.84007pt on input line 812.


Package hyperref Warning: Token not allowed in a PDF string (Unicode):
(hyperref)                removing `math shift' on input line 812.


Package hyperref Warning: Token not allowed in a PDF string (Unicode):
(hyperref)                removing `\primfont' on input line 812.


Package hyperref Warning: Token not allowed in a PDF string (Unicode):
(hyperref)                removing `math shift' on input line 812.

[9] [10] [11]

LaTeX Font Warning: Font shape `TU/lmr/m/scit' undefined
(Font)              using `TU/lmr/m/scsl' instead on input line 998.


LaTeX Font Warning: Font shape `TU/lmr/m/scit' undefined
(Font)              using `TU/lmr/m/scsl' instead on input line 1028.

LaTeX Font Info:    Font shape `TU/Trabajo.otf(0)/m/it' will be
(Font)              scaled to size 13.20007pt on input line 1032.
Package microtype Info: Character `\guilsinglleft ' is missing
(microtype)             in font `\TU/Trabajo.otf(0)/m/it/12'.
(microtype)             Ignoring protrusion settings for this character.
Package microtype Info: Character `\guilsinglright ' is missing
(microtype)             in font `\TU/Trabajo.otf(0)/m/it/12'.
(microtype)             Ignoring protrusion settings for this character.
LaTeX Font Info:    Font shape `TU/EversonMono(0)/m/it' will be
(Font)              scaled to size 13.20007pt on input line 1032.
[12] [13] [14]
LaTeX Font Info:    Font shape `TU/EversonMono(0)/bx/n' in size <12> not availa
ble
(Font)              Font shape `TU/EversonMono(0)/b/n' tried instead on input l
ine 1236.
LaTeX Font Info:    Font shape `TU/EversonMono(0)/b/n' will be
(Font)              scaled to size 13.20007pt on input line 1236.
 [15]

LaTeX Font Warning: Font shape `TU/lmr/m/scit' undefined
(Font)              using `TU/lmr/m/scsl' instead on input line 1259.


Overfull \hbox (18.14587pt too wide) in paragraph at lines 1259--1261
[]\TU/lmr/bx/n/12 Theorem 3 \TU/lmr/m/n/12 (Frobenius non-synthesizability (und
er Definition [][]1[][]))\TU/lmr/bx/n/12 . []\TU/lmr/m/scsl/12 [Topo] \TU/lmr/m
/it/12 Let $[][][] [] [] [][]$
 []

[16]

LaTeX Font Warning: Font shape `TU/lmr/m/scit' undefined
(Font)              using `TU/lmr/m/scsl' instead on input line 1321.

[17]
Package microtype Info: Loading generic protrusion settings for font family
(microtype)             `lmss' (encoding: TU).
(microtype)             For optimal results, create family-specific settings.
(microtype)             See the microtype manual for details.
LaTeX Font Info:    Font shape `TU/Trabajo.otf(0)/m/n' will be
(Font)              scaled to size 11.00006pt on input line 1420.
Package microtype Info: Character `\guilsinglleft ' is missing
(microtype)             in font `\TU/Trabajo.otf(0)/m/n/10'.
(microtype)             Ignoring protrusion settings for this character.
Package microtype Info: Character `\guilsinglright ' is missing
(microtype)             in font `\TU/Trabajo.otf(0)/m/n/10'.
(microtype)             Ignoring protrusion settings for this character.
LaTeX Font Info:    Font shape `TU/EversonMono(0)/m/it' will be
(Font)              scaled to size 11.00006pt on input line 1432.
LaTeX Font Info:    Font shape `TU/Trabajo.otf(0)/m/it' will be
(Font)              scaled to size 11.00006pt on input line 1432.
Package microtype Info: Character `\guilsinglleft ' is missing
(microtype)             in font `\TU/Trabajo.otf(0)/m/it/10'.
(microtype)             Ignoring protrusion settings for this character.
Package microtype Info: Character `\guilsinglright ' is missing
(microtype)             in font `\TU/Trabajo.otf(0)/m/it/10'.
(microtype)             Ignoring protrusion settings for this character.
 [18]
Missing character: There is no ✓ (U+2713) in font [/home/mrnob0dy666/imsgct/Tra
bajo.otf]/OT:script=latn;language=dflt;!
Missing character: There is no ✓ (U+2713) in font [/home/mrnob0dy666/imsgct/Tra
bajo.otf]/OT:script=latn;language=dflt;!
Missing character: There is no ✓ (U+2713) in font [/home/mrnob0dy666/imsgct/Tra
bajo.otf]/OT:script=latn;language=dflt;!
Missing character: There is no ✓ (U+2713) in font [/home/mrnob0dy666/imsgct/Tra
bajo.otf]/OT:script=latn;language=dflt;!
Package microtype Info: Loading generic protrusion settings for font family
(microtype)             `lmtt' (encoding: TU).
(microtype)             For optimal results, create family-specific settings.
(microtype)             See the microtype manual for details.
[19]
Missing character: There is no ✓ (U+2713) in font [/home/mrnob0dy666/imsgct/Tra
bajo.otf]/OT:script=latn;language=dflt;!

Overfull \hbox (3.958pt too wide) in paragraph at lines 1615--1624
 [][] 
 []

[20]
Underfull \hbox (badness 10000) in paragraph at lines 1642--1642
[]|\TU/lmr/m/n/10.95 Charge-transfer,
 []


Underfull \hbox (badness 10000) in paragraph at lines 1643--1643
[]|\TU/lmr/m/n/10.95 Hydrophobic, size-
 []


Underfull \hbox (badness 10000) in paragraph at lines 1644--1644
[]|$[]$\TU/lmr/m/n/10.95 -stacking, moder-
 []


Underfull \hbox (badness 10000) in paragraph at lines 1645--1645
[]|\TU/lmr/m/n/10.95 Coulombic, direc-
 []

LaTeX Font Info:    Font shape `TU/Trabajo.otf(0)/bx/n' in size <10.95> not ava
ilable
(Font)              Font shape `TU/Trabajo.otf(0)/b/n' tried instead on input l
ine 1684.
LaTeX Font Info:    Font shape `TU/Trabajo.otf(0)/b/n' will be
(Font)              scaled to size 12.04506pt on input line 1684.
Package microtype Info: Character `\guilsinglleft ' is missing
(microtype)             in font `\TU/Trabajo.otf(0)/b/n/10.95'.
(microtype)             Ignoring protrusion settings for this character.
Package microtype Info: Character `\guilsinglright ' is missing
(microtype)             in font `\TU/Trabajo.otf(0)/b/n/10.95'.
(microtype)             Ignoring protrusion settings for this character.
[21]
Overfull \hbox (25.13615pt too wide) in paragraph at lines 1717--1724
\TU/lmr/m/n/12 state (AtHv1_primed) and the constitutively active \TU/lmr/m/it/
12 Pinus sylvestris \TU/lmr/m/n/12 Hv1 (PsHv1_constitutive)
 []

[22] [23] [24] [25] [26] [27] [28] [29] [30]
Overfull \hbox (3.44925pt too wide) in paragraph at lines 2262--2271
\TU/lmr/m/sc/12 [Topo] \TU/lmr/m/n/12 The measurement problem, EPR nonlocality,
 Schrödinger’s cat, Wigner’s Friend,
 []


Underfull \hbox (badness 10000) in paragraph at lines 2279--2279
[]|\TU/lmr/m/n/10.95 Measurement / col-
 []


Underfull \hbox (badness 10000) in paragraph at lines 2293--2294
[]|\TU/lmr/m/n/10.95 Environment $[]$ selects the
 []


Underfull \hbox (badness 6380) in paragraph at lines 2293--2294
\TU/lmr/m/n/10.95 pointer basis; no additional
 []

[31] [32]
Overfull \hbox (25.16997pt too wide) in paragraph at lines 2362--2373
[] [] \TU/lmr/bx/n/12 Black hole information paradox.[] \TU/lmr/m/n/12 The hori
zon carries [] (imscriptive: the two-dimensional
 []

[33]

Package hyperref Warning: Token not allowed in a PDF string (Unicode):
(hyperref)                removing `math shift' on input line 2395.


Package hyperref Warning: Token not allowed in a PDF string (Unicode):
(hyperref)                removing `\primfont' on input line 2395.


Package hyperref Warning: Token not allowed in a PDF string (Unicode):
(hyperref)                removing `math shift' on input line 2395.


LaTeX Warning: Reference `eq:proven_manifold_main' on page 1 undefined on input
 line 2448.

[34]
Overfull \hbox (0.2619pt too wide) in paragraph at lines 2469--2478
[]\TU/lmr/m/n/12 Across all five conjecture-to-theorem transitions, the $[]$ pr
omotion $[] [] []$ carries a weighted
 []


Overfull \hbox (37.85208pt too wide) detected at line 2490
[] [] [] [] [] [] [] [] [] [] [] [] []
 []

[35] [36] [37]
LaTeX Font Info:    Font shape `TU/Trabajo.otf(0)/bx/n' in size <12> not availa
ble
(Font)              Font shape `TU/Trabajo.otf(0)/b/n' tried instead on input l
ine 2673.
LaTeX Font Info:    Font shape `TU/Trabajo.otf(0)/b/n' will be
(Font)              scaled to size 13.20007pt on input line 2673.
Package microtype Info: Character `\guilsinglleft ' is missing
(microtype)             in font `\TU/Trabajo.otf(0)/b/n/12'.
(microtype)             Ignoring protrusion settings for this character.
Package microtype Info: Character `\guilsinglright ' is missing
(microtype)             in font `\TU/Trabajo.otf(0)/b/n/12'.
(microtype)             Ignoring protrusion settings for this character.
 [38]
LaTeX Font Info:    Font shape `TU/EversonMono(0)/bx/n' in size <8> not availab
le
(Font)              Font shape `TU/EversonMono(0)/b/n' tried instead on input l
ine 2811.
LaTeX Font Info:    Font shape `TU/EversonMono(0)/b/n' will be
(Font)              scaled to size 8.80005pt on input line 2811.
 [39] [40] [41] [42]
Overfull \hbox (22.12215pt too wide) in paragraph at lines 3005--3005
|[]\TU/lmr/bx/n/14.4 Grammar instantiated as running software: $[]$-OS and exot
erik-
 []

[43]
Overfull \hbox (0.46663pt too wide) in paragraph at lines 3041--3050
\TU/lmr/bx/n/12 exoterik-OS: a bare-metal Rust OS derived from the structural M
EET. \TU/lmr/m/n/12 exoterik-
 []

[44]
LaTeX Font Info:    Font shape `TU/EversonMono(0)/bx/n' in size <10.95> not ava
ilable
(Font)              Font shape `TU/EversonMono(0)/b/n' tried instead on input l
ine 3105.
LaTeX Font Info:    Font shape `TU/EversonMono(0)/b/n' will be
(Font)              scaled to size 12.04506pt on input line 3105.

Overfull \hbox (0.95212pt too wide) in paragraph at lines 3143--3146
\TU/lmr/m/n/12 The grammar wasn’t designed to say anything about cosmology or m
editative phenomenol-
 []

[45]
Overfull \hbox (22.44797pt too wide) in paragraph at lines 3174--3178
\TU/lmr/m/n/12 nomenological reports across thousands of documented sessions, i
s identical: $[][][][][][][][][][][][][][]$. 
 []

[46]
Underfull \hbox (badness 1742) in paragraph at lines 3232--3233
[]|\TU/lmr/m/n/10.95 The kinetic state is frozen: [] (order-
 []

[47]
Overfull \vbox (27.81453pt too high) has occurred while \output is active []


[48] [49] [50] [51] [52] [53] [54]
Overfull \hbox (9.5102pt too wide) in paragraph at lines 3544--3545
[]\TU/lmr/m/n/12 The fidelity difference: [] (classical) means the Rohonc trans
mits structure without quantum-
 []

[55] [56] [57]
Overfull \hbox (18.49278pt too wide) in paragraph at lines 3639--3649
 [] 
 []

[58] [59]
LaTeX Font Info:    Font shape `TU/Trabajo.otf(0)/bx/n' in size <10> not availa
ble
(Font)              Font shape `TU/Trabajo.otf(0)/b/n' tried instead on input l
ine 3754.
LaTeX Font Info:    Font shape `TU/Trabajo.otf(0)/b/n' will be
(Font)              scaled to size 11.00006pt on input line 3754.
Package microtype Info: Character `\guilsinglleft ' is missing
(microtype)             in font `\TU/Trabajo.otf(0)/b/n/10'.
(microtype)             Ignoring protrusion settings for this character.
Package microtype Info: Character `\guilsinglright ' is missing
(microtype)             in font `\TU/Trabajo.otf(0)/b/n/10'.
(microtype)             Ignoring protrusion settings for this character.

Missing character: There is no ✓ (U+2713) in font [/home/mrnob0dy666/imsgct/Tra
bajo.otf]/OT:script=latn;language=dflt;!
Missing character: There is no ✓ (U+2713) in font [/home/mrnob0dy666/imsgct/Tra
bajo.otf]/OT:script=latn;language=dflt;!
Missing character: There is no ✓ (U+2713) in font [/home/mrnob0dy666/imsgct/Tra
bajo.otf]/OT:script=latn;language=dflt;!
Missing character: There is no ✓ (U+2713) in font [/home/mrnob0dy666/imsgct/Tra
bajo.otf]/OT:script=latn;language=dflt;!
[60] [61] [62]
Overfull \hbox (26.66014pt too wide) in paragraph at lines 3858--3868
[] [] \TU/lmr/bx/n/12 P-652 (Topology tier predicts exchange-regime break acros
s host classes, near-term
 []

[63]
Overfull \hbox (2.64185pt too wide) in paragraph at lines 3882--3888
\TU/lmr/m/n/12 from different mathematical domains imscribing with identical $[
][][] [][] [][] [][] [][] [][] [][] [][]$ share
 []


Overfull \hbox (14.18813pt too wide) in paragraph at lines 3890--3901
[] [] \TU/lmr/bx/n/12 P-314 (Theorem-prover architecture, Tier II).[] \TU/lmr/m
/n/12 Sequential-deductive theorem provers
 []

[64] [65] [66] [67] [68] [69] [70]
Overfull \hbox (68.26811pt too wide) in paragraph at lines 4310--4314
[]$[]$ \TU/lmr/m/n/12 (line 114): The $[]$ function checks $[]$
 []


Overfull \hbox (8.5281pt too wide) in paragraph at lines 4314--4317
[]$[]$ \TU/lmr/m/n/12 / $[]$: Two methods — $[]$
 []


Overfull \hbox (34.3681pt too wide) in paragraph at lines 4317--4319
[]$[]$\TU/lmr/m/n/12 : User-facing module providing $[]$
 []


Overfull \hbox (30.82516pt too wide) in paragraph at lines 4327--4332
[][] [] []$\TU/lmr/m/n/12 , not $[]$), $[]$ ($[][] [] []$), $[]$
 []

[71]
Overfull \hbox (3.0556pt too wide) in paragraph at lines 4336--4339
\TU/lmr/m/n/12 FOUR bilattice. $[]$ (Frobenius identity, $[]$); $[]$
 []


Overfull \hbox (55.13782pt too wide) in paragraph at lines 4339--4343
[]$[]$\TU/lmr/m/n/12 : Derives the genetic code from the Crystal of Types ($[][
][][][][][][][][][][][] []
 []

[72]
Underfull \hbox (badness 3000) in paragraph at lines 4408--4409
[]|\TU/lmr/m/n/10.95 Real-valued exchange — \TU/lmr/m/it/10.95 how
 []


Underfull \hbox (badness 3568) in paragraph at lines 4409--4410
[]|\TU/lmr/m/n/10.95 Scaling invariants — \TU/lmr/m/it/10.95 how it
 []

[73] [74] [75] [76]
Overfull \hbox (8.62343pt too wide) in paragraph at lines 4649--4649
[]|\TU/lmr/bx/n/10.95 Prim.| 
 []


Underfull \hbox (badness 10000) in paragraph at lines 4652--4653
[]|\TU/lmr/m/n/10.95 Physical mecha-
 []


Underfull \hbox (badness 10000) in paragraph at lines 4652--4653
\TU/lmr/m/n/10.95 non-covalent ($[][]$),
 []


Underfull \hbox (badness 10000) in paragraph at lines 4652--4653
\TU/lmr/m/n/10.95 catalytic ($[][]$), me-
 []


Underfull \hbox (badness 10000) in paragraph at lines 4654--4655
[]|\TU/lmr/m/n/10.95 Structural relational
 []


Underfull \hbox (badness 1701) in paragraph at lines 4654--4655
\TU/lmr/m/n/10.95 mode: superposition,
 []


Underfull \hbox (badness 10000) in paragraph at lines 4654--4655
\TU/lmr/m/n/10.95 categorical, dagger,
 []


Underfull \hbox (badness 2111) in paragraph at lines 4661--4662
[]|\TU/lmr/m/n/10.95 Donor-acceptor polar-
 []


Underfull \hbox (badness 1742) in paragraph at lines 4665--4667
[]|\TU/lmr/m/it/10.95 Diagonalization. \TU/lmr/m/n/10.95 Donor/acceptor
 []


Underfull \hbox (badness 10000) in paragraph at lines 4665--4667
\TU/lmr/m/n/10.95 vocabulary is substrate-specific;
 []


Underfull \hbox (badness 10000) in paragraph at lines 4665--4667
\TU/lmr/m/n/10.95 symmetry under exchange is
 []


Underfull \hbox (badness 10000) in paragraph at lines 4672--4672
[]|\TU/lmr/m/n/10.95 5 structural values:
 []


Underfull \hbox (badness 3557) in paragraph at lines 4672--4672
\TU/lmr/m/n/10.95 network, in, bowtie,
 []


Underfull \hbox (badness 1521) in paragraph at lines 4673--4675
\TU/lmr/m/n/10.95 ogy vocabulary was collapsed to
 []


Underfull \hbox (badness 10000) in paragraph at lines 4678--4678
[]|\TU/lmr/m/n/10.95 Activation-barrier
 []


Underfull \hbox (badness 3557) in paragraph at lines 4678--4678
\TU/lmr/m/n/10.95 tiers: $[]$60, 60–100,
 []


Underfull \hbox (badness 5446) in paragraph at lines 4679--4679
[]|\TU/lmr/m/n/10.95 Dynamical-regime or-
 []


Underfull \hbox (badness 6412) in paragraph at lines 4680--4683
[]|\TU/lmr/m/it/10.95 Orthogonality. \TU/lmr/m/n/10.95 kJ/mol thresh-
 []


Underfull \hbox (badness 1436) in paragraph at lines 4680--4683
\TU/lmr/m/n/10.95 on experimental timescales — is
 []


Underfull \hbox (badness 7064) in paragraph at lines 4686--4686
[]|\TU/lmr/m/n/10.95 Absent; fused with
 []


Underfull \hbox (badness 2359) in paragraph at lines 4697--4702
\TU/lmr/m/n/10.95 exceptional points ([]) are struc-
 []

[77] [78] [79] [80] [81] [82]
Overfull \hbox (4.05293pt too wide) in paragraph at lines 5037--5049
\TU/lmr/m/n/12 The full grammar implementation, the open-source catalog (\TU/lm
tt/m/n/12 imscription_catalog.json\TU/lmr/m/n/12 ),
 []

[83]
Underfull \hbox (badness 1281) in paragraph at lines 5120--5124
\TU/lmr/m/it/12 Manag. \TU/lmr/bx/n/12 EM-8\TU/lmr/m/n/12 , 173–174 (1961). [][
]$[][][][][] [] [] [] [][][][][][][][][][] [] [][][][] [] [][][] [] [][][][][] 
[] [][][][][] []
 []

[84] [85] (./SO_BELOW.aux)

LaTeX Font Warning: Some font shapes were not available, defaults substituted.


LaTeX Warning: There were undefined references.

Package rerunfilecheck Info: File `SO_BELOW.out' has not changed.
(rerunfilecheck)             Checksum: 905A8189531A0357740EC4CE8AF7303F;13473.
 ) 
Here is how much of TeX's memory you used:
 41406 strings out of 476191
 868641 string characters out of 5812073
 1428607 words of memory out of 5000000
 61395 multiletter control sequences out of 15000+600000
 475850 words of font info for 182 fonts, out of 8000000 for 9000
 1348 hyphenation exceptions out of 8191
 83i,15n,114p,1250b,991s stack positions out of 5000i,500n,10000p,200000b,80000s

Output written on SO_BELOW.pdf (85 pages).
