\BOOKMARK [1][-]{section.1}{\376\377\000I\000n\000t\000r\000o\000d\000u\000c\000t\000i\000o\000n}{}% 1
\BOOKMARK [1][-]{section.6}{\376\377\000T\000h\000e\000\040\000t\000w\000e\000l\000v\000e\000-\000p\000r\000i\000m\000i\000t\000i\000v\000e\000\040\000g\000r\000a\000m\000m\000a\000r}{}% 2
\BOOKMARK [2][-]{subsection.7}{\376\377\000P\000r\000i\000m\000i\000t\000i\000v\000e\000\040\000d\000e\000f\000i\000n\000i\000t\000i\000o\000n\000s}{section.6}% 3
\BOOKMARK [2][-]{subsection.13}{\376\377\000T\000h\000e\000\040\000<\000-\000p\000r\000i\000m\000i\000t\000i\000v\000e\000\040\000a\000n\000d\000\040\000d\000i\000a\000l\000e\000t\000h\000e\000i\000a}{section.6}% 4
\BOOKMARK [1][-]{section.19}{\376\377\000T\000h\000e\000\040\000C\000r\000y\000s\000t\000a\000l\000\040\000o\000f\000\040\000T\000y\000p\000e\000s}{}% 5
\BOOKMARK [2][-]{subsection.22}{\376\377\000C\000a\000r\000d\000i\000n\000a\000l\000i\000t\000y\000\040\000a\000n\000d\000\040\000f\000a\000m\000i\000l\000y\000\040\000p\000a\000r\000t\000i\000t\000i\000o\000n}{section.19}% 6
\BOOKMARK [2][-]{subsection.27}{\376\377\000O\000n\000t\000o\000l\000o\000g\000i\000c\000a\000l\000\040\000l\000a\000y\000e\000r\000s}{section.19}% 7
\BOOKMARK [2][-]{subsection.28}{\376\377\000C\000r\000y\000s\000t\000a\000l\000\040\000c\000l\000o\000s\000u\000r\000e\000:\000\040\000r\000e\000s\000i\000s\000t\000a\000n\000c\000e\000\040\000t\000o\000\040\000a\000u\000g\000m\000e\000n\000t\000a\000t\000i\000o\000n}{section.19}% 8
\BOOKMARK [1][-]{section.29}{\376\377\000T\000h\000e\000\040\000A\000r\000i\000t\000h\000m\000e\000t\000i\000c\000\040\000O\000u\000r\000o\000b\000o\000r\000o\000s}{}% 9
\BOOKMARK [1][-]{section.33}{\376\377\000A\000l\000g\000e\000b\000r\000a\000i\000c\000\040\000s\000t\000r\000u\000c\000t\000u\000r\000e}{}% 10
\BOOKMARK [2][-]{subsection.36}{\376\377\000T\000e\000n\000s\000o\000r\000\040\000p\000r\000o\000d\000u\000c\000t}{section.33}% 11
\BOOKMARK [2][-]{subsection.39}{\376\377\000L\000a\000t\000t\000i\000c\000e\000\040\000o\000p\000e\000r\000a\000t\000i\000o\000n\000s}{section.33}% 12
\BOOKMARK [2][-]{subsection.42}{\376\377\000D\000i\000r\000e\000c\000t\000e\000d\000\040\000d\000i\000s\000t\000a\000n\000c\000e}{section.33}% 13
\BOOKMARK [1][-]{section.44}{\376\377\000F\000r\000o\000b\000e\000n\000i\000u\000s\000\040\000n\000o\000n\000-\000s\000y\000n\000t\000h\000e\000s\000i\000z\000a\000b\000i\000l\000i\000t\000y}{}% 14
\BOOKMARK [2][-]{subsection.47}{\376\377\000O\000u\000r\000o\000b\000o\000r\000i\000c\000i\000t\000y\000\040\000a\000n\000d\000\040\000t\000h\000e\000\040\000t\000i\000e\000r\000\040\000h\000i\000e\000r\000a\000r\000c\000h\000y}{section.44}% 15
\BOOKMARK [2][-]{subsection.50}{\376\377\000T\000h\000e\000\040\000F\000r\000o\000b\000e\000n\000i\000u\000s\000\040\000n\000o\000n\000-\000s\000y\000n\000t\000h\000e\000s\000i\000z\000a\000b\000i\000l\000i\000t\000y\000\040\000t\000h\000e\000o\000r\000e\000m}{section.44}% 16
\BOOKMARK [2][-]{subsection.57}{\376\377\000D\000i\000a\000l\000e\000t\000h\000e\000i\000c\000\040\000s\000t\000r\000u\000c\000t\000u\000r\000e\000\040\000o\000f\000\040\000t\000h\000e\000\040\000O\000-\000i\000n\000f\000i\000n\000i\000t\000y\000\040\000t\000i\000e\000r}{section.44}% 17
\BOOKMARK [1][-]{section.63}{\376\377\000C\000o\000n\000s\000c\000i\000o\000u\000s\000n\000e\000s\000s\000\040\000s\000c\000o\000r\000e}{}% 18
\BOOKMARK [2][-]{subsection.64}{\376\377\000D\000e\000r\000i\000v\000a\000t\000i\000o\000n}{section.63}% 19
\BOOKMARK [2][-]{subsection.66}{\376\377\000S\000t\000e\000l\000l\000a\000r\000\040\000c\000a\000t\000a\000l\000o\000g\000\040\000v\000a\000l\000i\000d\000a\000t\000i\000o\000n}{section.63}% 20
\BOOKMARK [1][-]{section.69}{\376\377\000A\000p\000p\000l\000i\000c\000a\000t\000i\000o\000n\000s\000\040\000a\000c\000r\000o\000s\000s\000\040\000d\000o\000m\000a\000i\000n\000s}{}% 21
\BOOKMARK [2][-]{subsection.70}{\376\377\000C\000B\000[\0007\000]\000\040\000c\000o\000m\000p\000e\000t\000i\000t\000i\000v\000e\000\040\000d\000i\000s\000p\000l\000a\000c\000e\000m\000e\000n\000t\000:\000\040\000t\000h\000e\000\040\000f\000i\000r\000s\000t\000\040\000u\000n\000e\000x\000p\000e\000c\000t\000e\000d\000\040\000v\000a\000l\000i\000d\000a\000t\000i\000o\000n}{section.69}% 22
\BOOKMARK [2][-]{subsection.77}{\376\377\000H\000v\0001\000\040\000p\000r\000o\000t\000o\000n\000\040\000c\000h\000a\000n\000n\000e\000l\000s\000:\000\040\0003\0000\0000\000\040\000m\000i\000l\000l\000i\000o\000n\000\040\000y\000e\000a\000r\000s\000,\000\040\000d\000i\000s\000t\000a\000n\000c\000e\000\040\000z\000e\000r\000o}{section.69}% 23
\BOOKMARK [2][-]{subsection.83}{\376\377\000S\000I\000C\000-\000P\000O\000V\000M\000\040\000d\000i\000m\000e\000n\000s\000i\000o\000n\000s\000\040\000a\000n\000d\000\040\000t\000h\000e\000\040\000F\000r\000o\000b\000e\000n\000i\000u\000s\000\040\000c\000l\000i\000f\000f}{section.69}% 24
\BOOKMARK [2][-]{subsection.89}{\376\377\000K\000i\000n\000e\000t\000i\000c\000-\000c\000h\000i\000r\000a\000l\000\040\000t\000r\000a\000n\000s\000i\000t\000i\000o\000n\000\040\000i\000n\000\040\000d\000r\000i\000v\000e\000n\000-\000d\000i\000s\000s\000i\000p\000a\000t\000i\000v\000e\000\040\000s\000y\000s\000t\000e\000m\000s}{section.69}% 25
\BOOKMARK [2][-]{subsection.97}{\376\377\000S\000t\000a\000n\000d\000a\000r\000d\000\040\000M\000o\000d\000e\000l\040\023\000q\000u\000a\000n\000t\000u\000m\000\040\000g\000r\000a\000v\000i\000t\000y\000:\000\040\000t\000h\000e\000\040\000s\000c\000o\000p\000e\000-\000c\000l\000a\000s\000s\000\040\000b\000a\000r\000r\000i\000e\000r}{section.69}% 26
\BOOKMARK [2][-]{subsection.103}{\376\377\000Q\000u\000a\000n\000t\000u\000m\000\040\000p\000a\000r\000a\000d\000o\000x\000e\000s\000\040\000a\000s\000\040\000p\000r\000i\000m\000i\000t\000i\000v\000e\000\040\000m\000i\000s\000m\000a\000t\000c\000h\000e\000s}{section.69}% 27
\BOOKMARK [2][-]{subsection.115}{\376\377\000B\000l\000o\000o\000d\040\023\000b\000r\000a\000i\000n\000\040\000b\000a\000r\000r\000i\000e\000r\000\040\000f\000a\000i\000l\000u\000r\000e\000\040\000a\000s\000\040\000a\000\040\000<\000-\000b\000o\000t\000t\000l\000e\000n\000e\000c\000k}{section.69}% 28
\BOOKMARK [2][-]{subsection.116}{\376\377\000U\000n\000i\000v\000e\000r\000s\000a\000l\000\040\000p\000r\000o\000o\000f\000\040\000s\000t\000r\000u\000c\000t\000u\000r\000e\000:\000\040\000c\000r\000o\000s\000s\000-\000d\000o\000m\000a\000i\000n\000\040\000c\000o\000n\000v\000e\000r\000g\000e\000n\000c\000e}{section.69}% 29
\BOOKMARK [2][-]{subsection.118}{\376\377\000F\000r\000o\000b\000e\000n\000i\000u\000s\000\040\000b\000o\000o\000t\000s\000t\000r\000a\000p\000:\000\040\000d\000o\000m\000a\000i\000n\000-\000i\000n\000v\000a\000r\000i\000a\000n\000c\000e\000\040\000o\000f\000\040\000m\000u\000\040\000c\000i\000r\000c\000\040\000d\000e\000l\000t\000a\000\040\000=\000\040\000i\000d}{section.69}% 30
\BOOKMARK [2][-]{subsection.121}{\376\377\000G\000r\000a\000m\000m\000a\000r\000\040\000a\000s\000\040\000p\000r\000e\000d\000i\000c\000t\000i\000v\000e\000\040\000a\000r\000c\000h\000i\000t\000e\000c\000t\000u\000r\000a\000l\000\040\000d\000i\000a\000g\000n\000o\000s\000t\000i\000c\000:\000\040\000n\000a\000v\000i\000g\000a\000t\000o\000r\000\040\000t\000e\000s\000t\000s}{section.69}% 31
\BOOKMARK [2][-]{subsection.135}{\376\377\000A\000g\000e\000n\000t\000i\000c\000\040\000A\000I\000\040\000s\000y\000s\000t\000e\000m\000s\000\040\000a\000n\000d\000\040\000t\000h\000e\000\040\000D\000u\000a\000l\000-\000T\000o\000o\000l\000\040\000P\000l\000a\000n\000t\000i\000n\000g\000\040\000T\000h\000e\000o\000r\000e\000m}{section.69}% 32
\BOOKMARK [2][-]{subsection.136}{\376\377\000G\000r\000a\000m\000m\000a\000r\000-\000m\000e\000d\000i\000a\000t\000e\000d\000\040\000s\000e\000l\000f\000-\000c\000h\000a\000r\000a\000c\000t\000e\000r\000i\000s\000a\000t\000i\000o\000n\000\040\000i\000n\000\040\000a\000n\000\040\000a\000g\000e\000n\000t\000i\000c\000\040\000s\000y\000s\000t\000e\000m}{section.69}% 33
\BOOKMARK [2][-]{subsection.142}{\376\377\000G\000r\000a\000m\000m\000a\000r\000\040\000i\000n\000s\000t\000a\000n\000t\000i\000a\000t\000e\000d\000\040\000a\000s\000\040\000r\000u\000n\000n\000i\000n\000g\000\040\000s\000o\000f\000t\000w\000a\000r\000e\000:\000\040\000l\000-\000O\000S\000\040\000a\000n\000d\000\040\000e\000x\000o\000t\000e\000r\000i\000k\000-\000O\000S}{section.69}% 34
\BOOKMARK [2][-]{subsection.143}{\376\377\000C\000o\000s\000m\000i\000c\000\040\000d\000i\000s\000s\000o\000l\000u\000t\000i\000o\000n\000\040\000a\000n\000d\000\040\000c\000o\000n\000t\000e\000m\000p\000l\000a\000t\000i\000v\000e\000\040\000t\000r\000a\000d\000i\000t\000i\000o\000n\000s\000:\000\040\000d\000i\000s\000t\000a\000n\000c\000e\000\040\000z\000e\000r\000o\000\040\000a\000t\000\040\000d\000i\000f\000f\000e\000r\000e\000n\000t\000\040\000s\000c\000a\000l\000e\000s}{section.69}% 35
\BOOKMARK [2][-]{subsection.147}{\376\377\000T\000h\000e\000\040\000M\000a\000g\000n\000u\000m\000\040\000O\000p\000u\000s\000:\000\040\000t\000h\000e\000\040\000t\000w\000e\000l\000v\000e\000\040\000a\000l\000c\000h\000e\000m\000i\000c\000a\000l\000\040\000s\000t\000a\000g\000e\000s\000\040\000a\000s\000\040\000p\000r\000i\000m\000i\000t\000i\000v\000e\000\040\000i\000n\000v\000o\000c\000a\000t\000i\000o\000n\000s}{section.69}% 36
\BOOKMARK [2][-]{subsection.149}{\376\377\000T\000h\000e\000\040\000V\000o\000y\000n\000i\000c\000h\000\040\000M\000a\000n\000u\000s\000c\000r\000i\000p\000t\000:\000\040\000O\000-\000i\000n\000f\000i\000n\000i\000t\000y\000\040\000w\000i\000t\000h\000o\000u\000t\000\040\000c\000o\000n\000s\000c\000i\000o\000u\000s\000n\000e\000s\000s}{section.69}% 37
\BOOKMARK [2][-]{subsection.152}{\376\377\000T\000h\000e\000\040\000R\000o\000h\000o\000n\000c\000\040\000C\000o\000d\000e\000x\000:\000\040\000O\000-\000i\000n\000f\000i\000n\000i\000t\000y\000\040\000a\000t\000\040\000e\000q\000u\000i\000l\000i\000b\000r\000i\000u\000m}{section.69}% 38
\BOOKMARK [2][-]{subsection.154}{\376\377\000L\000i\000n\000e\000a\000r\000\040\000A\000:\000\040\000t\000h\000e\000\040\000g\000r\000a\000m\000m\000a\000r\000'\000s\000\040\000f\000i\000x\000e\000d\000\040\000p\000o\000i\000n\000t}{section.69}% 39
\BOOKMARK [1][-]{section.157}{\376\377\000S\000e\000l\000e\000c\000t\000e\000d\000\040\000p\000r\000e\000d\000i\000c\000t\000i\000o\000n\000s}{}% 40
\BOOKMARK [1][-]{section.173}{\376\377\000D\000i\000s\000c\000u\000s\000s\000i\000o\000n}{}% 41
\BOOKMARK [1][-]{section.188}{\376\377\000M\000e\000t\000h\000o\000d\000s}{}% 42
\BOOKMARK [2][-]{subsection.189}{\376\377\000O\000r\000i\000g\000i\000n\000\040\000a\000n\000d\000\040\000d\000e\000v\000e\000l\000o\000p\000m\000e\000n\000t\000\040\000o\000f\000\040\000t\000h\000e\000\040\000g\000r\000a\000m\000m\000a\000r}{section.188}% 43
\BOOKMARK [2][-]{subsection.198}{\376\377\000E\000n\000c\000o\000d\000i\000n\000g\000\040\000p\000r\000o\000t\000o\000c\000o\000l}{section.188}% 44
\BOOKMARK [2][-]{subsection.212}{\376\377\000I\000m\000s\000c\000r\000i\000p\000t\000i\000o\000n\000\040\000u\000n\000d\000e\000r\000\040\000u\000n\000c\000e\000r\000t\000a\000i\000n\000t\000y\000:\000\040\000c\000o\000m\000p\000a\000r\000a\000t\000i\000v\000e\000\040\000i\000m\000s\000c\000r\000i\000p\000t\000i\000o\000n\000\040\000a\000n\000d\000\040\000c\000o\000n\000v\000e\000r\000g\000e\000n\000c\000e}{section.188}% 45
\BOOKMARK [2][-]{subsection.216}{\376\377\000D\000i\000s\000t\000a\000n\000c\000e\000\040\000w\000e\000i\000g\000h\000t\000s}{section.188}% 46
\BOOKMARK [2][-]{subsection.217}{\376\377\000I\000m\000s\000c\000r\000i\000b\000i\000n\000g\000\040\000t\000h\000e\000\040\000L\000i\000a\000r\000\040\000p\000a\000r\000a\000d\000o\000x}{section.188}% 47
\BOOKMARK [2][-]{subsection.231}{\376\377\000E\000n\000c\000o\000d\000i\000n\000g\000\040\000G\000\366\000d\000e\000l\000'\000s\000\040\000i\000n\000c\000o\000m\000p\000l\000e\000t\000e\000n\000e\000s\000s}{section.188}% 48
\BOOKMARK [2][-]{subsection.233}{\376\377\000E\000n\000c\000o\000d\000i\000n\000g\000\040\000P\000r\000i\000e\000s\000t\000'\000s\000\040\000L\000P\000\040\000l\000o\000g\000i\000c}{section.188}% 49
\BOOKMARK [2][-]{subsection.235}{\376\377\000S\000o\000f\000t\000w\000a\000r\000e\000\040\000a\000n\000d\000\040\000d\000a\000t\000a\000\040\000a\000v\000a\000i\000l\000a\000b\000i\000l\000i\000t\000y}{section.188}% 50
\BOOKMARK [1][-]{section.236}{\376\377\000A\000c\000k\000n\000o\000w\000l\000e\000d\000g\000e\000m\000e\000n\000t\000s}{}% 51
\BOOKMARK [1][-]{section.237}{\376\377\000A\000u\000t\000h\000o\000r\000\040\000c\000o\000n\000t\000r\000i\000b\000u\000t\000i\000o\000n\000s}{}% 52
\BOOKMARK [1][-]{section.238}{\376\377\000C\000o\000m\000p\000e\000t\000i\000n\000g\000\040\000i\000n\000t\000e\000r\000e\000s\000t\000s}{}% 53
